Archive member included to satisfy reference by file (symbol)

c:/program files (x86)/atmel/studio/7.0/toolchain/arm/arm-gnu-toolchain/bin/../lib/gcc/arm-none-eabi/6.3.1/thumb/v7e-m\libgcc.a(_arm_addsubdf3.o)
                              hpl/sercom/hpl_sercom.o (__aeabi_dsub)
c:/program files (x86)/atmel/studio/7.0/toolchain/arm/arm-gnu-toolchain/bin/../lib/gcc/arm-none-eabi/6.3.1/thumb/v7e-m\libgcc.a(_arm_muldivdf3.o)
                              hpl/sercom/hpl_sercom.o (__aeabi_dmul)
c:/program files (x86)/atmel/studio/7.0/toolchain/arm/arm-gnu-toolchain/bin/../lib/gcc/arm-none-eabi/6.3.1/thumb/v7e-m\libgcc.a(_arm_fixunsdfsi.o)
                              hpl/sercom/hpl_sercom.o (__aeabi_d2uiz)
c:/program files (x86)/atmel/studio/7.0/toolchain/arm/arm-gnu-toolchain/bin/../lib/gcc/arm-none-eabi/6.3.1/thumb/v7e-m\libgcc.a(_aeabi_uldivmod.o)
                              hpl/sercom/hpl_sercom.o (__aeabi_uldivmod)
c:/program files (x86)/atmel/studio/7.0/toolchain/arm/arm-gnu-toolchain/bin/../lib/gcc/arm-none-eabi/6.3.1/thumb/v7e-m\libgcc.a(_udivmoddi4.o)
                              c:/program files (x86)/atmel/studio/7.0/toolchain/arm/arm-gnu-toolchain/bin/../lib/gcc/arm-none-eabi/6.3.1/thumb/v7e-m\libgcc.a(_aeabi_uldivmod.o) (__udivmoddi4)
c:/program files (x86)/atmel/studio/7.0/toolchain/arm/arm-gnu-toolchain/bin/../lib/gcc/arm-none-eabi/6.3.1/thumb/v7e-m\libgcc.a(_dvmd_tls.o)
                              c:/program files (x86)/atmel/studio/7.0/toolchain/arm/arm-gnu-toolchain/bin/../lib/gcc/arm-none-eabi/6.3.1/thumb/v7e-m\libgcc.a(_aeabi_uldivmod.o) (__aeabi_ldiv0)
c:/program files (x86)/atmel/studio/7.0/toolchain/arm/arm-gnu-toolchain/bin/../lib/gcc/arm-none-eabi/6.3.1/../../../../arm-none-eabi/lib/thumb/v7e-m\libc_nano.a(lib_a-exit.o)
                              c:/program files (x86)/atmel/studio/7.0/toolchain/arm/arm-gnu-toolchain/bin/../lib/gcc/arm-none-eabi/6.3.1/../../../../arm-none-eabi/lib/thumb/v7e-m/crt0.o (exit)
c:/program files (x86)/atmel/studio/7.0/toolchain/arm/arm-gnu-toolchain/bin/../lib/gcc/arm-none-eabi/6.3.1/../../../../arm-none-eabi/lib/thumb/v7e-m\libc_nano.a(lib_a-impure.o)
                              c:/program files (x86)/atmel/studio/7.0/toolchain/arm/arm-gnu-toolchain/bin/../lib/gcc/arm-none-eabi/6.3.1/../../../../arm-none-eabi/lib/thumb/v7e-m\libc_nano.a(lib_a-exit.o) (_global_impure_ptr)
c:/program files (x86)/atmel/studio/7.0/toolchain/arm/arm-gnu-toolchain/bin/../lib/gcc/arm-none-eabi/6.3.1/../../../../arm-none-eabi/lib/thumb/v7e-m\libc_nano.a(lib_a-init.o)
                              c:/program files (x86)/atmel/studio/7.0/toolchain/arm/arm-gnu-toolchain/bin/../lib/gcc/arm-none-eabi/6.3.1/../../../../arm-none-eabi/lib/thumb/v7e-m/crt0.o (__libc_init_array)
c:/program files (x86)/atmel/studio/7.0/toolchain/arm/arm-gnu-toolchain/bin/../lib/gcc/arm-none-eabi/6.3.1/../../../../arm-none-eabi/lib/thumb/v7e-m\libc_nano.a(lib_a-memcmp.o)
                              lwip/lwip-1.4.0/src/netif/etharp.o (memcmp)
c:/program files (x86)/atmel/studio/7.0/toolchain/arm/arm-gnu-toolchain/bin/../lib/gcc/arm-none-eabi/6.3.1/../../../../arm-none-eabi/lib/thumb/v7e-m\libc_nano.a(lib_a-memcpy-stub.o)
                              hpl/gmac/hpl_gmac.o (memcpy)
c:/program files (x86)/atmel/studio/7.0/toolchain/arm/arm-gnu-toolchain/bin/../lib/gcc/arm-none-eabi/6.3.1/../../../../arm-none-eabi/lib/thumb/v7e-m\libc_nano.a(lib_a-memset.o)
                              c:/program files (x86)/atmel/studio/7.0/toolchain/arm/arm-gnu-toolchain/bin/../lib/gcc/arm-none-eabi/6.3.1/../../../../arm-none-eabi/lib/thumb/v7e-m/crt0.o (memset)
c:/program files (x86)/atmel/studio/7.0/toolchain/arm/arm-gnu-toolchain/bin/../lib/gcc/arm-none-eabi/6.3.1/../../../../arm-none-eabi/lib/thumb/v7e-m\libc_nano.a(lib_a-printf.o)
                              hal/utils/src/utils_syscalls.o (printf)
c:/program files (x86)/atmel/studio/7.0/toolchain/arm/arm-gnu-toolchain/bin/../lib/gcc/arm-none-eabi/6.3.1/../../../../arm-none-eabi/lib/thumb/v7e-m\libc_nano.a(lib_a-putchar.o)
                              lwip/lwip-1.4.0/src/core/ipv4/icmp.o (putchar)
c:/program files (x86)/atmel/studio/7.0/toolchain/arm/arm-gnu-toolchain/bin/../lib/gcc/arm-none-eabi/6.3.1/../../../../arm-none-eabi/lib/thumb/v7e-m\libc_nano.a(lib_a-puts.o)
                              lwip/lwip-1.4.0/port/ethif_mac.o (puts)
c:/program files (x86)/atmel/studio/7.0/toolchain/arm/arm-gnu-toolchain/bin/../lib/gcc/arm-none-eabi/6.3.1/../../../../arm-none-eabi/lib/thumb/v7e-m\libc_nano.a(lib_a-setbuf.o)
                              stdio_redirect/stdio_io.o (setbuf)
c:/program files (x86)/atmel/studio/7.0/toolchain/arm/arm-gnu-toolchain/bin/../lib/gcc/arm-none-eabi/6.3.1/../../../../arm-none-eabi/lib/thumb/v7e-m\libc_nano.a(lib_a-setvbuf.o)
                              c:/program files (x86)/atmel/studio/7.0/toolchain/arm/arm-gnu-toolchain/bin/../lib/gcc/arm-none-eabi/6.3.1/../../../../arm-none-eabi/lib/thumb/v7e-m\libc_nano.a(lib_a-setbuf.o) (setvbuf)
[...]
Memory Configuration

Name             Origin             Length             Attributes
rom              0x00000000         0x00100000         xr
ram              0x20000000         0x00040000         xrw
bkupram          0x47000000         0x00002000         xrw
qspi             0x04000000         0x01000000         xrw
*default*        0x00000000         0xffffffff

Linker script and memory map

LOAD c:/program files (x86)/atmel/studio/7.0/toolchain/arm/arm-gnu-toolchain/bin/../lib/gcc/arm-none-eabi/6.3.1/thumb/v7e-m/crti.o
LOAD c:/program files (x86)/atmel/studio/7.0/toolchain/arm/arm-gnu-toolchain/bin/../lib/gcc/arm-none-eabi/6.3.1/thumb/v7e-m/crtbegin.o
LOAD c:/program files (x86)/atmel/studio/7.0/toolchain/arm/arm-gnu-toolchain/bin/../lib/gcc/arm-none-eabi/6.3.1/../../../../arm-none-eabi/lib/thumb/v7e-m/crt0.o
LOAD atmel_start.o
LOAD Device_Startup/startup_same53.o
LOAD Device_Startup/system_same53.o
LOAD driver_init.o
LOAD ethernet_phy/ethernet_phy.o
LOAD ethernet_phy_main.o
LOAD eth_ipstack_main.o
LOAD examples/driver_examples.o
LOAD hal/src/hal_atomic.o
LOAD hal/src/hal_cache.o
LOAD hal/src/hal_delay.o
LOAD hal/src/hal_gpio.o
LOAD hal/src/hal_init.o
LOAD hal/src/hal_io.o
LOAD hal/src/hal_mac_async.o
LOAD hal/src/hal_sleep.o
LOAD hal/src/hal_timer.o
LOAD hal/src/hal_usart_sync.o
LOAD hal/utils/src/utils_assert.o
LOAD hal/utils/src/utils_event.o
LOAD hal/utils/src/utils_list.o
LOAD hal/utils/src/utils_syscalls.o
LOAD hpl/cmcc/hpl_cmcc.o
LOAD hpl/core/hpl_core_m4.o
LOAD hpl/core/hpl_init.o
LOAD hpl/dmac/hpl_dmac.o
LOAD hpl/gclk/hpl_gclk.o
LOAD hpl/gmac/hpl_gmac.o
LOAD hpl/mclk/hpl_mclk.o
LOAD hpl/osc32kctrl/hpl_osc32kctrl.o
LOAD hpl/oscctrl/hpl_oscctrl.o
LOAD hpl/pm/hpl_pm.o
LOAD hpl/ramecc/hpl_ramecc.o
LOAD hpl/rtc/hpl_rtc.o
LOAD hpl/sercom/hpl_sercom.o
LOAD lwip/lwip-1.4.0/port/ethif_mac.o
LOAD lwip/lwip-1.4.0/src/api/api_lib.o
LOAD lwip/lwip-1.4.0/src/api/api_msg.o
LOAD lwip/lwip-1.4.0/src/api/err.o
LOAD lwip/lwip-1.4.0/src/api/netbuf.o
LOAD lwip/lwip-1.4.0/src/api/netdb.o
LOAD lwip/lwip-1.4.0/src/api/netifapi.o
LOAD lwip/lwip-1.4.0/src/api/sockets.o
LOAD lwip/lwip-1.4.0/src/api/tcpip.o
LOAD lwip/lwip-1.4.0/src/core/def.o
LOAD lwip/lwip-1.4.0/src/core/dhcp.o
LOAD lwip/lwip-1.4.0/src/core/dns.o
LOAD lwip/lwip-1.4.0/src/core/init.o
LOAD lwip/lwip-1.4.0/src/core/ipv4/autoip.o
LOAD lwip/lwip-1.4.0/src/core/ipv4/icmp.o
LOAD lwip/lwip-1.4.0/src/core/ipv4/igmp.o
LOAD lwip/lwip-1.4.0/src/core/ipv4/inet.o
LOAD lwip/lwip-1.4.0/src/core/ipv4/inet_chksum.o
LOAD lwip/lwip-1.4.0/src/core/ipv4/ip.o
LOAD lwip/lwip-1.4.0/src/core/ipv4/ip_addr.o
LOAD lwip/lwip-1.4.0/src/core/ipv4/ip_frag.o
LOAD lwip/lwip-1.4.0/src/core/mem.o
LOAD lwip/lwip-1.4.0/src/core/memp.o
LOAD lwip/lwip-1.4.0/src/core/netif.o
LOAD lwip/lwip-1.4.0/src/core/pbuf.o
LOAD lwip/lwip-1.4.0/src/core/raw.o
LOAD lwip/lwip-1.4.0/src/core/snmp/asn1_dec.o
LOAD lwip/lwip-1.4.0/src/core/snmp/asn1_enc.o
LOAD lwip/lwip-1.4.0/src/core/snmp/mib2.o
LOAD lwip/lwip-1.4.0/src/core/snmp/mib_structs.o
LOAD lwip/lwip-1.4.0/src/core/snmp/msg_in.o
LOAD lwip/lwip-1.4.0/src/core/snmp/msg_out.o
LOAD lwip/lwip-1.4.0/src/core/stats.o
LOAD lwip/lwip-1.4.0/src/core/sys.o
LOAD lwip/lwip-1.4.0/src/core/tcp.o
LOAD lwip/lwip-1.4.0/src/core/tcp_in.o
LOAD lwip/lwip-1.4.0/src/core/tcp_out.o
LOAD lwip/lwip-1.4.0/src/core/timers.o
LOAD lwip/lwip-1.4.0/src/core/udp.o
LOAD lwip/lwip-1.4.0/src/netif/etharp.o
LOAD lwip/lwip-1.4.0/src/netif/ppp/auth.o
LOAD lwip/lwip-1.4.0/src/netif/ppp/chap.o
LOAD lwip/lwip-1.4.0/src/netif/ppp/chpms.o
LOAD lwip/lwip-1.4.0/src/netif/ppp/fsm.o
LOAD lwip/lwip-1.4.0/src/netif/ppp/ipcp.o
LOAD lwip/lwip-1.4.0/src/netif/ppp/lcp.o
LOAD lwip/lwip-1.4.0/src/netif/ppp/magic.o
LOAD lwip/lwip-1.4.0/src/netif/ppp/md5.o
LOAD lwip/lwip-1.4.0/src/netif/ppp/pap.o
LOAD lwip/lwip-1.4.0/src/netif/ppp/ppp.o
LOAD lwip/lwip-1.4.0/src/netif/ppp/ppp_oe.o
LOAD lwip/lwip-1.4.0/src/netif/ppp/randm.o
LOAD lwip/lwip-1.4.0/src/netif/ppp/vj.o
LOAD lwip/lwip-1.4.0/src/netif/slipif.o
LOAD main.o
LOAD stdio_redirect/gcc/read.o
LOAD stdio_redirect/gcc/write.o
LOAD stdio_redirect/stdio_io.o
LOAD stdio_start.o
LOAD udpserver.o
START GROUP
LOAD c:/program files (x86)/atmel/studio/7.0/toolchain/arm/arm-gnu-toolchain/bin/../lib/gcc/arm-none-eabi/6.3.1/../../../../arm-none-eabi/lib/thumb/v7e-m\libm.a
END GROUP
START GROUP
LOAD c:/program files (x86)/atmel/studio/7.0/toolchain/arm/arm-gnu-toolchain/bin/../lib/gcc/arm-none-eabi/6.3.1/thumb/v7e-m\libgcc.a
LOAD c:/program files (x86)/atmel/studio/7.0/toolchain/arm/arm-gnu-toolchain/bin/../lib/gcc/arm-none-eabi/6.3.1/../../../../arm-none-eabi/lib/thumb/v7e-m\libc_nano.a
END GROUP
START GROUP
LOAD c:/program files (x86)/atmel/studio/7.0/toolchain/arm/arm-gnu-toolchain/bin/../lib/gcc/arm-none-eabi/6.3.1/thumb/v7e-m\libgcc.a
LOAD c:/program files (x86)/atmel/studio/7.0/toolchain/arm/arm-gnu-toolchain/bin/../lib/gcc/arm-none-eabi/6.3.1/../../../../arm-none-eabi/lib/thumb/v7e-m\libc_nano.a
END GROUP
LOAD c:/program files (x86)/atmel/studio/7.0/toolchain/arm/arm-gnu-toolchain/bin/../lib/gcc/arm-none-eabi/6.3.1/thumb/v7e-m/crtend.o
LOAD c:/program files (x86)/atmel/studio/7.0/toolchain/arm/arm-gnu-toolchain/bin/../lib/gcc/arm-none-eabi/6.3.1/thumb/v7e-m/crtn.o
                0x00010000                STACK_SIZE = DEFINED (STACK_SIZE)?STACK_SIZE:DEFINED (__stack_size__)?__stack_size__:0x10000

.text           0x00000000     0xd504
                0x00000000                . = ALIGN (0x4)
                0x00000000                _sfixed = .
 *(.vectors .vectors.*)
 .vectors       0x00000000      0x264 Device_Startup/startup_same53.o
                0x00000000                exception_table
 *(.text .text.* .gnu.linkonce.t.*)
 .text          0x00000264       0x6c c:/program files (x86)/atmel/studio/7.0/toolchain/arm/arm-gnu-toolchain/bin/../lib/gcc/arm-none-eabi/6.3.1/thumb/v7e-m/crtbegin.o
 .text.atmel_start_init
                0x000002d0       0x20 atmel_start.o
                0x000002d0                atmel_start_init
 .text.Dummy_Handler
                0x000002f0        0x2 Device_Startup/startup_same53.o
                0x000002f0                EIC_5_Handler
                0x000002f0                SVCall_Handler
                0x000002f0                SERCOM0_2_Handler
                0x000002f0                EIC_13_Handler
                0x000002f0                EVSYS_0_Handler
                0x000002f0                TCC1_3_Handler
                0x000002f0                DAC_3_Handler
                0x000002f0                TRNG_Handler
                0x000002f0                HardFault_Handler
                0x000002f0                TC2_Handler
                0x000002f0                PDEC_2_Handler
                0x000002f0                EIC_4_Handler
                0x000002f0                AC_Handler
                0x000002f0                SERCOM3_1_Handler
                0x000002f0                TCC2_3_Handler
                0x000002f0                SERCOM3_2_Handler
                0x000002f0                PendSV_Handler
                0x000002f0                TC7_Handler
                0x000002f0                ADC1_1_Handler
                0x000002f0                EVSYS_3_Handler
                0x000002f0                PDEC_0_Handler
                0x000002f0                QSPI_Handler
                0x000002f0                NonMaskableInt_Handler
                0x000002f0                TCC0_0_Handler
                0x000002f0                EIC_3_Handler
                0x000002f0                MemManagement_Handler
                0x000002f0                DAC_2_Handler
                0x000002f0                SERCOM0_0_Handler
                0x000002f0                UsageFault_Handler
                0x000002f0                SERCOM4_0_Handler
                0x000002f0                EIC_10_Handler
                0x000002f0                SERCOM0_3_Handler
                0x000002f0                EIC_11_Handler
                0x000002f0                EIC_9_Handler
                0x000002f0                OSC32KCTRL_Handler
                0x000002f0                TCC2_1_Handler
                0x000002f0                SUPC_1_Handler
                0x000002f0                TCC0_5_Handler
                0x000002f0                TCC0_6_Handler
                0x000002f0                SERCOM6_2_Handler
                0x000002f0                EVSYS_1_Handler
                0x000002f0                TCC1_4_Handler
                0x000002f0                TC6_Handler
                0x000002f0                DMAC_0_Handler
                0x000002f0                WDT_Handler
                0x000002f0                EIC_8_Handler
                0x000002f0                EIC_15_Handler
                0x000002f0                SERCOM6_0_Handler
                0x000002f0                SERCOM5_0_Handler
                0x000002f0                TC4_Handler
                0x000002f0                TC1_Handler
                0x000002f0                OSCCTRL_4_Handler
                0x000002f0                SERCOM4_3_Handler
                0x000002f0                EIC_12_Handler
                0x000002f0                DMAC_4_Handler
                0x000002f0                TCC4_2_Handler
                0x000002f0                PAC_Handler
                0x000002f0                TCC1_0_Handler
                0x000002f0                USB_0_Handler
                0x000002f0                OSCCTRL_0_Handler
                0x000002f0                EIC_0_Handler
                0x000002f0                OSCCTRL_3_Handler
                0x000002f0                SERCOM4_1_Handler
                0x000002f0                TC3_Handler
                0x000002f0                Dummy_Handler
                0x000002f0                TCC3_0_Handler
                0x000002f0                TCC2_2_Handler
                0x000002f0                SERCOM5_1_Handler
                0x000002f0                TCC1_1_Handler
                0x000002f0                DMAC_2_Handler
                0x000002f0                ADC0_0_Handler
                0x000002f0                SERCOM0_1_Handler
                0x000002f0                OSCCTRL_2_Handler
                0x000002f0                ADC1_0_Handler
                0x000002f0                TCC1_2_Handler
                0x000002f0                SERCOM7_1_Handler
                0x000002f0                USB_1_Handler
                0x000002f0                PM_Handler
                0x000002f0                SERCOM6_3_Handler
                0x000002f0                SERCOM2_3_Handler
                0x000002f0                DAC_4_Handler
                0x000002f0                TCC3_2_Handler
                0x000002f0                SERCOM7_0_Handler
                0x000002f0                TCC0_2_Handler
                0x000002f0                DMAC_1_Handler
                0x000002f0                TCC4_0_Handler
                0x000002f0                SERCOM7_3_Handler
                0x000002f0                SDHC1_Handler
                0x000002f0                USB_3_Handler
                0x000002f0                SERCOM7_2_Handler
                0x000002f0                TCC2_0_Handler
                0x000002f0                PDEC_1_Handler
                0x000002f0                TCC4_1_Handler
                0x000002f0                SERCOM5_3_Handler
                0x000002f0                USB_2_Handler
                0x000002f0                SERCOM6_1_Handler
                0x000002f0                SDHC0_Handler
                0x000002f0                SERCOM1_1_Handler
                0x000002f0                I2S_Handler
                0x000002f0                EIC_2_Handler
                0x000002f0                PCC_Handler
                0x000002f0                DAC_0_Handler
                0x000002f0                TCC0_1_Handler
                0x000002f0                SERCOM1_3_Handler
                0x000002f0                EIC_6_Handler
                0x000002f0                OSCCTRL_1_Handler
                0x000002f0                SERCOM1_0_Handler
                0x000002f0                PUKCC_Handler
                0x000002f0                SERCOM2_1_Handler
                0x000002f0                SERCOM1_2_Handler
                0x000002f0                SERCOM3_0_Handler
                0x000002f0                EIC_1_Handler
                0x000002f0                SERCOM4_2_Handler
                0x000002f0                EVSYS_4_Handler
                0x000002f0                EIC_7_Handler
                0x000002f0                NVMCTRL_1_Handler
                0x000002f0                SERCOM5_2_Handler
                0x000002f0                SERCOM3_3_Handler
                0x000002f0                ADC0_1_Handler
                0x000002f0                SERCOM2_2_Handler
                0x000002f0                TCC3_1_Handler
                0x000002f0                EIC_14_Handler
                0x000002f0                DAC_1_Handler
                0x000002f0                NVMCTRL_0_Handler
                0x000002f0                MCLK_Handler
                0x000002f0                EVSYS_2_Handler
                0x000002f0                SUPC_0_Handler
                0x000002f0                BusFault_Handler
                0x000002f0                FREQM_Handler
                0x000002f0                TC0_Handler
                0x000002f0                TCC0_3_Handler
                0x000002f0                DMAC_3_Handler
                0x000002f0                DebugMonitor_Handler
                0x000002f0                TCC0_4_Handler
                0x000002f0                TC5_Handler
                0x000002f0                SERCOM2_0_Handler
                0x000002f0                AES_Handler
                0x000002f0                ICM_Handler
 *fill*         0x000002f2        0x2 
 .text.Reset_Handler
                0x000002f4       0x78 Device_Startup/startup_same53.o
                0x000002f4                Reset_Handler
 .text._gpio_set_pin_function
                0x0000036c       0x68 driver_init.o
 .text.USART_0_PORT_init
                0x000003d4       0x24 driver_init.o
                0x000003d4                USART_0_PORT_init
 .text.USART_0_CLOCK_init
                0x000003f8       0x24 driver_init.o
                0x000003f8                USART_0_CLOCK_init
 .text.USART_0_init
                0x0000041c       0x2c driver_init.o
                0x0000041c                USART_0_init
 .text.USART_1_PORT_init
                0x00000448       0x24 driver_init.o
                0x00000448                USART_1_PORT_init
 .text.USART_1_CLOCK_init
                0x0000046c       0x24 driver_init.o
                0x0000046c                USART_1_CLOCK_init
 .text.USART_1_init
                0x00000490       0x2c driver_init.o
                0x00000490                USART_1_init
 .text.ETHERNET_MAC_0_PORT_init
                0x000004bc       0x68 driver_init.o
                0x000004bc                ETHERNET_MAC_0_PORT_init
 .text.ETHERNET_MAC_0_CLOCK_init
                0x00000524       0x18 driver_init.o
                0x00000524                ETHERNET_MAC_0_CLOCK_init
 .text.ETHERNET_MAC_0_init
                0x0000053c       0x2c driver_init.o
                0x0000053c                ETHERNET_MAC_0_init
 .text.system_init
                0x00000568       0x54 driver_init.o
                0x00000568                system_init
 .text.ethernet_phy_init
                0x000005bc        0x8 ethernet_phy/ethernet_phy.o
                0x000005bc                ethernet_phy_init
 .text.ethernet_phy_set_reg_bit
                0x000005c4       0x38 ethernet_phy/ethernet_phy.o
                0x000005c4                ethernet_phy_set_reg_bit
 .text.ethernet_phy_restart_autoneg
                0x000005fc       0x10 ethernet_phy/ethernet_phy.o
                0x000005fc                ethernet_phy_restart_autoneg
 .text.ethernet_phy_get_link_status
                0x0000060c       0x28 ethernet_phy/ethernet_phy.o
                0x0000060c                ethernet_phy_get_link_status
 .text.ETHERNET_PHY_0_init
                0x00000634       0x28 ethernet_phy_main.o
                0x00000634                ETHERNET_PHY_0_init
 .text.ETHERNET_PHY_0_example
                0x0000065c       0x34 ethernet_phy_main.o
                0x0000065c                ETHERNET_PHY_0_example
 .text.ethernet_phys_init
                0x00000690       0x2c ethernet_phy_main.o
                0x00000690                ethernet_phys_init
 .text.LWIP_MACIF_stack_init
                0x000006bc       0x50 eth_ipstack_main.o
                0x000006bc                LWIP_MACIF_stack_init
 .text.LWIP_MACIF_init
                0x0000070c       0x4c eth_ipstack_main.o
                0x0000070c                LWIP_MACIF_init
 .text.eth_ipstack_init
                0x00000758        0x8 eth_ipstack_main.o
                0x00000758                eth_ipstack_init
 .text.io_write
                0x00000760        0x4 hal/src/hal_io.o
                0x00000760                io_write
 .text.io_read  0x00000764        0x4 hal/src/hal_io.o
                0x00000764                io_read
 .text.mac_read_cb
                0x00000768        0x8 hal/src/hal_mac_async.o
 .text.mac_write_cb
                0x00000770        0x8 hal/src/hal_mac_async.o
 .text.mac_async_init
                0x00000778        0x8 hal/src/hal_mac_async.o
                0x00000778                mac_async_init
 .text.mac_async_enable
                0x00000780        0x8 hal/src/hal_mac_async.o
                0x00000780                mac_async_enable
 .text.mac_async_write
                0x00000788        0x8 hal/src/hal_mac_async.o
                0x00000788                mac_async_write
 .text.mac_async_read
                0x00000790        0x8 hal/src/hal_mac_async.o
                0x00000790                mac_async_read
 .text.mac_async_read_len
                0x00000798        0x8 hal/src/hal_mac_async.o
                0x00000798                mac_async_read_len
 .text.mac_async_enable_irq
                0x000007a0        0x8 hal/src/hal_mac_async.o
                0x000007a0                mac_async_enable_irq
 .text.mac_async_register_callback
                0x000007a8       0x38 hal/src/hal_mac_async.o
                0x000007a8                mac_async_register_callback
 .text.mac_async_set_filter
                0x000007e0        0x8 hal/src/hal_mac_async.o
                0x000007e0                mac_async_set_filter
 .text.mac_async_write_phy_reg
                0x000007e8       0x10 hal/src/hal_mac_async.o
                0x000007e8                mac_async_write_phy_reg
 .text.mac_async_read_phy_reg
                0x000007f8       0x10 hal/src/hal_mac_async.o
                0x000007f8                mac_async_read_phy_reg
 .text.timer_add_timer_task
                0x00000808       0x4c hal/src/hal_timer.o
 .text.timer_process_counted
                0x00000854       0x6c hal/src/hal_timer.o
 .text.timer_init
                0x000008c0       0x1c hal/src/hal_timer.o
                0x000008c0                timer_init
 .text.usart_sync_write
                0x000008dc       0x50 hal/src/hal_usart_sync.o
 .text.usart_sync_read
                0x0000092c       0x38 hal/src/hal_usart_sync.o
 .text.usart_sync_init
                0x00000964       0x24 hal/src/hal_usart_sync.o
                0x00000964                usart_sync_init
 .text.usart_sync_enable
                0x00000988       0x10 hal/src/hal_usart_sync.o
                0x00000988                usart_sync_enable
 .text.usart_sync_get_io_descriptor
                0x00000998        0x6 hal/src/hal_usart_sync.o
                0x00000998                usart_sync_get_io_descriptor
 .text.list_insert_as_head
                0x0000099e        0x8 hal/utils/src/utils_list.o
                0x0000099e                list_insert_as_head
 .text.list_insert_after
                0x000009a6        0x8 hal/utils/src/utils_list.o
                0x000009a6                list_insert_after
 .text.list_remove_head
                0x000009ae        0xc hal/utils/src/utils_list.o
                0x000009ae                list_remove_head
 *fill*         0x000009ba        0x2 
 .text._sbrk    0x000009bc       0x1c hal/utils/src/utils_syscalls.o
                0x000009bc                _sbrk
 .text._close   0x000009d8        0x6 hal/utils/src/utils_syscalls.o
                0x000009d8                _close
 .text._fstat   0x000009de        0xa hal/utils/src/utils_syscalls.o
                0x000009de                _fstat
 .text._isatty  0x000009e8        0x4 hal/utils/src/utils_syscalls.o
                0x000009e8                _isatty
 .text._lseek   0x000009ec        0x4 hal/utils/src/utils_syscalls.o
                0x000009ec                _lseek
 .text._init_chip
                0x000009f0       0x40 hpl/core/hpl_init.o
                0x000009f0                _init_chip
 .text._gclk_init_generators_by_fref
                0x00000a30       0x20 hpl/gclk/hpl_gclk.o
                0x00000a30                _gclk_init_generators_by_fref
 .text.GMAC_Handler
                0x00000a50       0x4c hpl/gmac/hpl_gmac.o
                0x00000a50                GMAC_Handler
 .text._mac_async_init
                0x00000a9c       0xa8 hpl/gmac/hpl_gmac.o
                0x00000a9c                _mac_async_init
 .text._mac_async_enable
                0x00000b44        0xe hpl/gmac/hpl_gmac.o
                0x00000b44                _mac_async_enable
 *fill*         0x00000b52        0x2 
 .text._mac_async_write
                0x00000b54      0x100 hpl/gmac/hpl_gmac.o
                0x00000b54                _mac_async_write
 .text._mac_async_read
                0x00000c54       0xf4 hpl/gmac/hpl_gmac.o
                0x00000c54                _mac_async_read
 .text._mac_async_read_len
                0x00000d48       0x5c hpl/gmac/hpl_gmac.o
                0x00000d48                _mac_async_read_len
 .text._mac_async_enable_irq
                0x00000da4       0x10 hpl/gmac/hpl_gmac.o
                0x00000da4                _mac_async_enable_irq
 .text._mac_async_register_callback
                0x00000db4       0x28 hpl/gmac/hpl_gmac.o
                0x00000db4                _mac_async_register_callback
 .text._mac_async_set_filter
                0x00000ddc       0x20 hpl/gmac/hpl_gmac.o
                0x00000ddc                _mac_async_set_filter
 .text._mac_async_write_phy_reg
                0x00000dfc       0x38 hpl/gmac/hpl_gmac.o
                0x00000dfc                _mac_async_write_phy_reg
 .text._mac_async_read_phy_reg
                0x00000e34       0x3a hpl/gmac/hpl_gmac.o
                0x00000e34                _mac_async_read_phy_reg
 *fill*         0x00000e6e        0x2 
 .text._mclk_init
                0x00000e70        0xc hpl/mclk/hpl_mclk.o
                0x00000e70                _mclk_init
 .text._osc32kctrl_init_sources
                0x00000e7c       0x14 hpl/osc32kctrl/hpl_osc32kctrl.o
                0x00000e7c                _osc32kctrl_init_sources
 .text._oscctrl_init_sources
                0x00000e90       0x18 hpl/oscctrl/hpl_oscctrl.o
                0x00000e90                _oscctrl_init_sources
 .text._oscctrl_init_referenced_generators
                0x00000ea8        0x2 hpl/oscctrl/hpl_oscctrl.o
                0x00000ea8                _oscctrl_init_referenced_generators
 *fill*         0x00000eaa        0x2 
 .text.RAMECC_Handler
                0x00000eac       0x3c hpl/ramecc/hpl_ramecc.o
                0x00000eac                RAMECC_Handler
 .text.hri_rtcmode0_wait_for_sync
                0x00000ee8        0x8 hpl/rtc/hpl_rtc.o
 .text._timer_init
                0x00000ef0       0x4c hpl/rtc/hpl_rtc.o
                0x00000ef0                _timer_init
 .text._rtc_get_timer
                0x00000f3c        0x4 hpl/rtc/hpl_rtc.o
                0x00000f3c                _rtc_get_timer
 .text.RTC_Handler
                0x00000f40       0x24 hpl/rtc/hpl_rtc.o
                0x00000f40                RTC_Handler
 .text.hri_sercomusart_wait_for_sync
                0x00000f64        0x8 hpl/sercom/hpl_sercom.o
 .text.hri_sercomusart_clear_CTRLA_ENABLE_bit
                0x00000f6c       0x14 hpl/sercom/hpl_sercom.o
 .text._sercom_get_hardware_index
                0x00000f80       0x34 hpl/sercom/hpl_sercom.o
 .text._usart_init
                0x00000fb4       0xc4 hpl/sercom/hpl_sercom.o
 .text._usart_sync_init
                0x00001078        0xc hpl/sercom/hpl_sercom.o
                0x00001078                _usart_sync_init
 .text._usart_sync_enable
                0x00001084       0x14 hpl/sercom/hpl_sercom.o
                0x00001084                _usart_sync_enable
 .text._usart_sync_write_byte
                0x00001098        0x6 hpl/sercom/hpl_sercom.o
                0x00001098                _usart_sync_write_byte
 .text._usart_sync_read_byte
                0x0000109e        0x8 hpl/sercom/hpl_sercom.o
                0x0000109e                _usart_sync_read_byte
 .text._usart_sync_is_ready_to_send
                0x000010a6        0xa hpl/sercom/hpl_sercom.o
                0x000010a6                _usart_sync_is_ready_to_send
 .text._usart_sync_is_transmit_done
                0x000010b0        0xa hpl/sercom/hpl_sercom.o
                0x000010b0                _usart_sync_is_transmit_done
 .text._usart_sync_is_byte_received
                0x000010ba        0xa hpl/sercom/hpl_sercom.o
                0x000010ba                _usart_sync_is_byte_received
 .text.mac_low_level_init
                0x000010c4       0x28 lwip/lwip-1.4.0/port/ethif_mac.o
                0x000010c4                mac_low_level_init
 .text.mac_low_level_output
                0x000010ec       0x74 lwip/lwip-1.4.0/port/ethif_mac.o
                0x000010ec                mac_low_level_output
 .text.ethernetif_mac_input
                0x00001160       0x8c lwip/lwip-1.4.0/port/ethif_mac.o
                0x00001160                ethernetif_mac_input
 .text.lwip_htons
                0x000011ec        0x6 lwip/lwip-1.4.0/src/core/def.o
                0x000011ec                lwip_htons
 .text.lwip_ntohs
                0x000011f2        0x6 lwip/lwip-1.4.0/src/core/def.o
                0x000011f2                lwip_ntohs
 .text.lwip_htonl
                0x000011f8        0x4 lwip/lwip-1.4.0/src/core/def.o
                0x000011f8                lwip_htonl
 .text.lwip_ntohl
                0x000011fc        0x8 lwip/lwip-1.4.0/src/core/def.o
                0x000011fc                lwip_ntohl
 .text.dhcp_set_state
                0x00001204       0x10 lwip/lwip-1.4.0/src/core/dhcp.o
 .text.dhcp_option
                0x00001214       0x1c lwip/lwip-1.4.0/src/core/dhcp.o
 .text.dhcp_option_byte
                0x00001230       0x12 lwip/lwip-1.4.0/src/core/dhcp.o
 .text.dhcp_option_short
                0x00001242       0x1e lwip/lwip-1.4.0/src/core/dhcp.o
 .text.dhcp_option_long
                0x00001260       0x36 lwip/lwip-1.4.0/src/core/dhcp.o
 *fill*         0x00001296        0x2 
 .text.dhcp_create_msg
                0x00001298      0x180 lwip/lwip-1.4.0/src/core/dhcp.o
 .text.dhcp_check
                0x00001418       0x68 lwip/lwip-1.4.0/src/core/dhcp.o
 .text.dhcp_bind
                0x00001480      0x178 lwip/lwip-1.4.0/src/core/dhcp.o
 .text.dhcp_option_trailer
                0x000015f8       0x4c lwip/lwip-1.4.0/src/core/dhcp.o
 .text.dhcp_delete_msg
                0x00001644       0x3c lwip/lwip-1.4.0/src/core/dhcp.o
 .text.dhcp_rebind
                0x00001680       0xd8 lwip/lwip-1.4.0/src/core/dhcp.o
 .text.dhcp_discover
                0x00001758      0x128 lwip/lwip-1.4.0/src/core/dhcp.o
 .text.dhcp_select
                0x00001880      0x148 lwip/lwip-1.4.0/src/core/dhcp.o
 .text.dhcp_reboot
                0x000019c8      0x100 lwip/lwip-1.4.0/src/core/dhcp.o
 .text.dhcp_recv
                0x00001ac8      0x668 lwip/lwip-1.4.0/src/core/dhcp.o
 .text.dhcp_arp_reply
                0x00002130      0x11c lwip/lwip-1.4.0/src/core/dhcp.o
                0x00002130                dhcp_arp_reply
 .text.dhcp_renew
                0x0000224c       0xd8 lwip/lwip-1.4.0/src/core/dhcp.o
                0x0000224c                dhcp_renew
 .text.dhcp_coarse_tmr
                0x00002324       0xb0 lwip/lwip-1.4.0/src/core/dhcp.o
                0x00002324                dhcp_coarse_tmr
 .text.dhcp_release
                0x000023d4      0x104 lwip/lwip-1.4.0/src/core/dhcp.o
                0x000023d4                dhcp_release
 .text.dhcp_fine_tmr
                0x000024d8      0x100 lwip/lwip-1.4.0/src/core/dhcp.o
                0x000024d8                dhcp_fine_tmr
 .text.dhcp_stop
                0x000025d8       0x64 lwip/lwip-1.4.0/src/core/dhcp.o
                0x000025d8                dhcp_stop
 .text.dhcp_start
                0x0000263c      0x148 lwip/lwip-1.4.0/src/core/dhcp.o
                0x0000263c                dhcp_start
 .text.lwip_init
                0x00002784       0x38 lwip/lwip-1.4.0/src/core/init.o
                0x00002784                lwip_init
 .text.icmp_send_response.isra.0
                0x000027bc       0xf8 lwip/lwip-1.4.0/src/core/ipv4/icmp.o
 .text.icmp_input
                0x000028b4      0x1a0 lwip/lwip-1.4.0/src/core/ipv4/icmp.o
                0x000028b4                icmp_input
 .text.icmp_dest_unreach
                0x00002a54       0x10 lwip/lwip-1.4.0/src/core/ipv4/icmp.o
                0x00002a54                icmp_dest_unreach
 .text.icmp_time_exceeded
                0x00002a64       0x10 lwip/lwip-1.4.0/src/core/ipv4/icmp.o
                0x00002a64                icmp_time_exceeded
 .text.lwip_standard_chksum
                0x00002a74       0x60 lwip/lwip-1.4.0/src/core/ipv4/inet_chksum.o
 .text.inet_chksum_pseudo
                0x00002ad4       0xb4 lwip/lwip-1.4.0/src/core/ipv4/inet_chksum.o
                0x00002ad4                inet_chksum_pseudo
 .text.inet_chksum
                0x00002b88       0x10 lwip/lwip-1.4.0/src/core/ipv4/inet_chksum.o
                0x00002b88                inet_chksum
 .text.inet_chksum_pbuf
                0x00002b98       0x4c lwip/lwip-1.4.0/src/core/ipv4/inet_chksum.o
                0x00002b98                inet_chksum_pbuf
 .text.ip_route
                0x00002be4       0x58 lwip/lwip-1.4.0/src/core/ipv4/ip.o
                0x00002be4                ip_route
 .text.ip_debug_print
                0x00002c3c       0xe4 lwip/lwip-1.4.0/src/core/ipv4/ip.o
                0x00002c3c                ip_debug_print
 .text.ip_input
                0x00002d20      0x298 lwip/lwip-1.4.0/src/core/ipv4/ip.o
                0x00002d20                ip_input
 .text.ip_output_if
                0x00002fb8      0x130 lwip/lwip-1.4.0/src/core/ipv4/ip.o
                0x00002fb8                ip_output_if
 .text.ip_output
                0x000030e8       0x58 lwip/lwip-1.4.0/src/core/ipv4/ip.o
                0x000030e8                ip_output
 .text.ip4_addr_isbroadcast
                0x00003140       0x32 lwip/lwip-1.4.0/src/core/ipv4/ip_addr.o
                0x00003140                ip4_addr_isbroadcast
 .text.ipaddr_ntoa_r
                0x00003172       0x92 lwip/lwip-1.4.0/src/core/ipv4/ip_addr.o
                0x00003172                ipaddr_ntoa_r
 .text.ipfrag_free_pbuf_custom
                0x00003204       0x20 lwip/lwip-1.4.0/src/core/ipv4/ip_frag.o
 .text.ip_reass_free_complete_datagram
                0x00003224       0x9c lwip/lwip-1.4.0/src/core/ipv4/ip_frag.o
 .text.ip_reass_remove_oldest_datagram
                0x000032c0       0x78 lwip/lwip-1.4.0/src/core/ipv4/ip_frag.o
 .text.ip_reass_tmr
                0x00003338       0x58 lwip/lwip-1.4.0/src/core/ipv4/ip_frag.o
                0x00003338                ip_reass_tmr
 .text.ip_reass
                0x00003390      0x338 lwip/lwip-1.4.0/src/core/ipv4/ip_frag.o
                0x00003390                ip_reass
 .text.ip_frag  0x000036c8      0x19c lwip/lwip-1.4.0/src/core/ipv4/ip_frag.o
                0x000036c8                ip_frag
 .text.mem_init
                0x00003864       0x34 lwip/lwip-1.4.0/src/core/mem.o
                0x00003864                mem_init
 .text.mem_free
                0x00003898       0x94 lwip/lwip-1.4.0/src/core/mem.o
                0x00003898                mem_free
 .text.mem_trim
                0x0000392c       0xb0 lwip/lwip-1.4.0/src/core/mem.o
                0x0000392c                mem_trim
 .text.mem_malloc
                0x000039dc       0xb8 lwip/lwip-1.4.0/src/core/mem.o
                0x000039dc                mem_malloc
 .text.memp_init
                0x00003a94       0x54 lwip/lwip-1.4.0/src/core/memp.o
                0x00003a94                memp_init
 .text.memp_malloc
                0x00003ae8       0x58 lwip/lwip-1.4.0/src/core/memp.o
                0x00003ae8                memp_malloc
 .text.memp_free
                0x00003b40       0x18 lwip/lwip-1.4.0/src/core/memp.o
                0x00003b40                memp_free
 .text.netif_init
                0x00003b58        0x2 lwip/lwip-1.4.0/src/core/netif.o
                0x00003b58                netif_init
 *fill*         0x00003b5a        0x2 
 .text.netif_set_ipaddr
                0x00003b5c       0xa4 lwip/lwip-1.4.0/src/core/netif.o
                0x00003b5c                netif_set_ipaddr
 .text.netif_set_gw
                0x00003c00       0x38 lwip/lwip-1.4.0/src/core/netif.o
                0x00003c00                netif_set_gw
 .text.netif_set_netmask
                0x00003c38       0x38 lwip/lwip-1.4.0/src/core/netif.o
                0x00003c38                netif_set_netmask
 .text.netif_set_addr
                0x00003c70       0x2c lwip/lwip-1.4.0/src/core/netif.o
                0x00003c70                netif_set_addr
 .text.netif_add
                0x00003c9c      0x104 lwip/lwip-1.4.0/src/core/netif.o
                0x00003c9c                netif_add
 .text.netif_set_default
                0x00003da0       0x28 lwip/lwip-1.4.0/src/core/netif.o
                0x00003da0                netif_set_default
 .text.netif_set_up
                0x00003dc8       0x38 lwip/lwip-1.4.0/src/core/netif.o
                0x00003dc8                netif_set_up
 .text.netif_set_down
                0x00003e00       0x30 lwip/lwip-1.4.0/src/core/netif.o
                0x00003e00                netif_set_down
 .text.netif_set_status_callback
                0x00003e30        0x6 lwip/lwip-1.4.0/src/core/netif.o
                0x00003e30                netif_set_status_callback
 .text.netif_set_link_callback
                0x00003e36        0x6 lwip/lwip-1.4.0/src/core/netif.o
                0x00003e36                netif_set_link_callback
 .text.pbuf_free_ooseq
                0x00003e3c       0x40 lwip/lwip-1.4.0/src/core/pbuf.o
                0x00003e3c                pbuf_free_ooseq
 .text.pbuf_alloced_custom
                0x00003e7c       0x84 lwip/lwip-1.4.0/src/core/pbuf.o
                0x00003e7c                pbuf_alloced_custom
 .text.pbuf_header
                0x00003f00       0x98 lwip/lwip-1.4.0/src/core/pbuf.o
                0x00003f00                pbuf_header
 .text.pbuf_free
                0x00003f98       0xa0 lwip/lwip-1.4.0/src/core/pbuf.o
                0x00003f98                pbuf_free
 .text.pbuf_alloc
                0x00004038      0x178 lwip/lwip-1.4.0/src/core/pbuf.o
                0x00004038                pbuf_alloc
 .text.pbuf_realloc
                0x000041b0       0x54 lwip/lwip-1.4.0/src/core/pbuf.o
                0x000041b0                pbuf_realloc
 .text.pbuf_clen
                0x00004204       0x10 lwip/lwip-1.4.0/src/core/pbuf.o
                0x00004204                pbuf_clen
 .text.pbuf_ref
                0x00004214        0xa lwip/lwip-1.4.0/src/core/pbuf.o
                0x00004214                pbuf_ref
 *fill*         0x0000421e        0x2 
 .text.pbuf_cat
                0x00004220       0x3c lwip/lwip-1.4.0/src/core/pbuf.o
                0x00004220                pbuf_cat
 .text.pbuf_chain
                0x0000425c       0x30 lwip/lwip-1.4.0/src/core/pbuf.o
                0x0000425c                pbuf_chain
 .text.pbuf_copy
                0x0000428c       0xfc lwip/lwip-1.4.0/src/core/pbuf.o
                0x0000428c                pbuf_copy
 .text.pbuf_copy_partial
                0x00004388       0x8c lwip/lwip-1.4.0/src/core/pbuf.o
                0x00004388                pbuf_copy_partial
 .text.raw_input
                0x00004414       0x7c lwip/lwip-1.4.0/src/core/raw.o
                0x00004414                raw_input
 .text.tcp_init
                0x00004490        0x2 lwip/lwip-1.4.0/src/core/tcp.o
                0x00004490                tcp_init
 .text.tcp_update_rcv_ann_wnd
                0x00004492       0x36 lwip/lwip-1.4.0/src/core/tcp.o
                0x00004492                tcp_update_rcv_ann_wnd
 .text.tcp_recved
                0x000044c8       0x58 lwip/lwip-1.4.0/src/core/tcp.o
                0x000044c8                tcp_recved
 .text.tcp_seg_free
                0x00004520       0x28 lwip/lwip-1.4.0/src/core/tcp.o
                0x00004520                tcp_seg_free
 .text.tcp_segs_free
                0x00004548       0x14 lwip/lwip-1.4.0/src/core/tcp.o
                0x00004548                tcp_segs_free
 .text.tcp_seg_copy
                0x0000455c       0x34 lwip/lwip-1.4.0/src/core/tcp.o
                0x0000455c                tcp_seg_copy
 .text.tcp_pcb_purge
                0x00004590       0x80 lwip/lwip-1.4.0/src/core/tcp.o
                0x00004590                tcp_pcb_purge
 .text.tcp_slowtmr
                0x00004610      0x35c lwip/lwip-1.4.0/src/core/tcp.o
                0x00004610                tcp_slowtmr
 .text.tcp_pcb_remove
                0x0000496c       0x6c lwip/lwip-1.4.0/src/core/tcp.o
                0x0000496c                tcp_pcb_remove
 .text.tcp_close_shutdown
                0x000049d8      0x170 lwip/lwip-1.4.0/src/core/tcp.o
 .text.tcp_abandon
                0x00004b48       0xb0 lwip/lwip-1.4.0/src/core/tcp.o
                0x00004b48                tcp_abandon
 .text.tcp_abort
                0x00004bf8        0xc lwip/lwip-1.4.0/src/core/tcp.o
                0x00004bf8                tcp_abort
 .text.tcp_next_iss
                0x00004c04       0x18 lwip/lwip-1.4.0/src/core/tcp.o
                0x00004c04                tcp_next_iss
 .text.tcp_alloc
                0x00004c1c      0x158 lwip/lwip-1.4.0/src/core/tcp.o
                0x00004c1c                tcp_alloc
 .text.tcp_eff_send_mss
                0x00004d74       0x24 lwip/lwip-1.4.0/src/core/tcp.o
                0x00004d74                tcp_eff_send_mss
 .text.tcp_debug_print_state
                0x00004d98       0x1c lwip/lwip-1.4.0/src/core/tcp.o
                0x00004d98                tcp_debug_print_state
 .text.tcp_close
                0x00004db4       0x3c lwip/lwip-1.4.0/src/core/tcp.o
                0x00004db4                tcp_close
 .text.tcp_recv_null
                0x00004df0       0x30 lwip/lwip-1.4.0/src/core/tcp.o
                0x00004df0                tcp_recv_null
 .text.tcp_process_refused_data
                0x00004e20       0x94 lwip/lwip-1.4.0/src/core/tcp.o
                0x00004e20                tcp_process_refused_data
 .text.tcp_fasttmr
                0x00004eb4       0x90 lwip/lwip-1.4.0/src/core/tcp.o
                0x00004eb4                tcp_fasttmr
 .text.tcp_tmr  0x00004f44       0x2c lwip/lwip-1.4.0/src/core/tcp.o
                0x00004f44                tcp_tmr
 .text.tcp_debug_print_flags
                0x00004f70       0x88 lwip/lwip-1.4.0/src/core/tcp.o
                0x00004f70                tcp_debug_print_flags
 .text.tcp_debug_print
                0x00004ff8      0x118 lwip/lwip-1.4.0/src/core/tcp.o
                0x00004ff8                tcp_debug_print
 .text.tcp_oos_insert_segment
                0x00005110       0x9c lwip/lwip-1.4.0/src/core/tcp_in.o
 .text.tcp_receive
                0x000051ac      0x8d0 lwip/lwip-1.4.0/src/core/tcp_in.o
 .text.tcp_parseopt.isra.0
                0x00005a7c       0xd0 lwip/lwip-1.4.0/src/core/tcp_in.o
 .text.tcp_input
                0x00005b4c      0x920 lwip/lwip-1.4.0/src/core/tcp_in.o
                0x00005b4c                tcp_input
 .text.tcp_create_segment
                0x0000646c       0xec lwip/lwip-1.4.0/src/core/tcp_out.o
 .text.tcp_output_alloc_header.constprop.0
                0x00006558       0x68 lwip/lwip-1.4.0/src/core/tcp_out.o
 .text.tcp_enqueue_flags
                0x000065c0      0x110 lwip/lwip-1.4.0/src/core/tcp_out.o
                0x000065c0                tcp_enqueue_flags
 .text.tcp_send_fin
                0x000066d0       0x54 lwip/lwip-1.4.0/src/core/tcp_out.o
                0x000066d0                tcp_send_fin
 .text.tcp_send_empty_ack
                0x00006724       0x94 lwip/lwip-1.4.0/src/core/tcp_out.o
                0x00006724                tcp_send_empty_ack
 .text.tcp_output
                0x000067b8      0x2d0 lwip/lwip-1.4.0/src/core/tcp_out.o
                0x000067b8                tcp_output
 .text.tcp_rst  0x00006a88       0xb8 lwip/lwip-1.4.0/src/core/tcp_out.o
                0x00006a88                tcp_rst
 .text.tcp_rexmit_rto
                0x00006b40       0x38 lwip/lwip-1.4.0/src/core/tcp_out.o
                0x00006b40                tcp_rexmit_rto
 .text.tcp_rexmit
                0x00006b78       0x58 lwip/lwip-1.4.0/src/core/tcp_out.o
                0x00006b78                tcp_rexmit
 .text.tcp_rexmit_fast
                0x00006bd0       0x90 lwip/lwip-1.4.0/src/core/tcp_out.o
                0x00006bd0                tcp_rexmit_fast
 .text.tcp_keepalive
                0x00006c60       0xbc lwip/lwip-1.4.0/src/core/tcp_out.o
                0x00006c60                tcp_keepalive
 .text.tcp_zero_window_probe
                0x00006d1c      0x118 lwip/lwip-1.4.0/src/core/tcp_out.o
                0x00006d1c                tcp_zero_window_probe
 .text.sys_timeout_debug
                0x00006e34       0x64 lwip/lwip-1.4.0/src/core/timers.o
                0x00006e34                sys_timeout_debug
 .text.tcp_timer_needed
                0x00006e98       0x48 lwip/lwip-1.4.0/src/core/timers.o
                0x00006e98                tcp_timer_needed
 .text.tcpip_tcp_timer
                0x00006ee0       0x48 lwip/lwip-1.4.0/src/core/timers.o
 .text.sys_timeouts_init
                0x00006f28       0x6c lwip/lwip-1.4.0/src/core/timers.o
                0x00006f28                sys_timeouts_init
 .text.dhcp_timer_fine
                0x00006f94       0x2c lwip/lwip-1.4.0/src/core/timers.o
 .text.dhcp_timer_coarse
                0x00006fc0       0x2c lwip/lwip-1.4.0/src/core/timers.o
 .text.arp_timer
                0x00006fec       0x2c lwip/lwip-1.4.0/src/core/timers.o
 .text.ip_reass_timer
                0x00007018       0x2c lwip/lwip-1.4.0/src/core/timers.o
 .text.sys_check_timeouts
                0x00007044       0x68 lwip/lwip-1.4.0/src/core/timers.o
                0x00007044                sys_check_timeouts
 .text.udp_init
                0x000070ac        0x2 lwip/lwip-1.4.0/src/core/udp.o
                0x000070ac                udp_init
 *fill*         0x000070ae        0x2 
 .text.udp_bind
                0x000070b0      0x100 lwip/lwip-1.4.0/src/core/udp.o
                0x000070b0                udp_bind
 .text.udp_sendto_if
                0x000071b0      0x184 lwip/lwip-1.4.0/src/core/udp.o
                0x000071b0                udp_sendto_if
 .text.udp_connect
                0x00007334       0x6c lwip/lwip-1.4.0/src/core/udp.o
                0x00007334                udp_connect
 .text.udp_recv
                0x000073a0        0x6 lwip/lwip-1.4.0/src/core/udp.o
                0x000073a0                udp_recv
 *fill*         0x000073a6        0x2 
 .text.udp_remove
                0x000073a8       0x30 lwip/lwip-1.4.0/src/core/udp.o
                0x000073a8                udp_remove
 .text.udp_new  0x000073d8       0x24 lwip/lwip-1.4.0/src/core/udp.o
                0x000073d8                udp_new
 .text.udp_debug_print
                0x000073fc       0x68 lwip/lwip-1.4.0/src/core/udp.o
                0x000073fc                udp_debug_print
 .text.udp_input
                0x00007464      0x284 lwip/lwip-1.4.0/src/core/udp.o
                0x00007464                udp_input
 .text.etharp_free_entry
                0x000076e8       0x48 lwip/lwip-1.4.0/src/netif/etharp.o
 .text.etharp_find_entry
                0x00007730      0x158 lwip/lwip-1.4.0/src/netif/etharp.o
 .text.etharp_send_ip
                0x00007888       0x3c lwip/lwip-1.4.0/src/netif/etharp.o
 .text.etharp_tmr
                0x000078c4       0x80 lwip/lwip-1.4.0/src/netif/etharp.o
                0x000078c4                etharp_tmr
 .text.etharp_cleanup_netif
                0x00007944       0x2c lwip/lwip-1.4.0/src/netif/etharp.o
                0x00007944                etharp_cleanup_netif
 .text.etharp_request
                0x00007970       0xc0 lwip/lwip-1.4.0/src/netif/etharp.o
                0x00007970                etharp_request
 .text.etharp_output_to_arp_index
                0x00007a30       0x58 lwip/lwip-1.4.0/src/netif/etharp.o
 .text.etharp_query
                0x00007a88      0x168 lwip/lwip-1.4.0/src/netif/etharp.o
                0x00007a88                etharp_query
 .text.etharp_output
                0x00007bf0      0x10c lwip/lwip-1.4.0/src/netif/etharp.o
                0x00007bf0                etharp_output
 .text.ethernet_input
                0x00007cfc      0x318 lwip/lwip-1.4.0/src/netif/etharp.o
                0x00007cfc                ethernet_input
 .text.mac_receive_cb
                0x00008014        0xc main.o
                0x00008014                mac_receive_cb
 .text.status_callback
                0x00008020       0x38 main.o
 .text.link_callback
                0x00008058       0x48 main.o
 .text.sys_now  0x000080a0        0xc main.o
                0x000080a0                sys_now
 .text.SysTick_Handler
                0x000080ac       0x10 main.o
                0x000080ac                SysTick_Handler
 .text.systick_enable
                0x000080bc       0x2c main.o
                0x000080bc                systick_enable
 .text.startup.main
                0x000080e8      0x248 main.o
                0x000080e8                main
 .text._read    0x00008330       0x20 stdio_redirect/gcc/read.o
                0x00008330                _read
 .text._write   0x00008350       0x24 stdio_redirect/gcc/write.o
                0x00008350                _write
 .text.stdio_io_init
                0x00008374       0x2c stdio_redirect/stdio_io.o
                0x00008374                stdio_io_init
 .text.stdio_io_read
                0x000083a0       0x1c stdio_redirect/stdio_io.o
                0x000083a0                stdio_io_read
 .text.stdio_io_write
                0x000083bc       0x1c stdio_redirect/stdio_io.o
                0x000083bc                stdio_io_write
 .text.stdio_redirect_init
                0x000083d8       0x20 stdio_start.o
                0x000083d8                stdio_redirect_init
 .text.__libc_init_array
                0x000083f8       0x48 c:/program files (x86)/atmel/studio/7.0/toolchain/arm/arm-gnu-toolchain/bin/../lib/gcc/arm-none-eabi/6.3.1/../../../../arm-none-eabi/lib/thumb/v7e-m\libc_nano.a(lib_a-init.o)
                0x000083f8                __libc_init_array
 .text.memcmp   0x00008440       0x1e c:/program files (x86)/atmel/studio/7.0/toolchain/arm/arm-gnu-toolchain/bin/../lib/gcc/arm-none-eabi/6.3.1/../../../../arm-none-eabi/lib/thumb/v7e-m\libc_nano.a(lib_a-memcmp.o)
                0x00008440                memcmp
 .text.memcpy   0x0000845e       0x16 c:/program files (x86)/atmel/studio/7.0/toolchain/arm/arm-gnu-toolchain/bin/../lib/gcc/arm-none-eabi/6.3.1/../../../../arm-none-eabi/lib/thumb/v7e-m\libc_nano.a(lib_a-memcpy-stub.o)
                0x0000845e                memcpy
 .text.memset   0x00008474       0x10 c:/program files (x86)/atmel/studio/7.0/toolchain/arm/arm-gnu-toolchain/bin/../lib/gcc/arm-none-eabi/6.3.1/../../../../arm-none-eabi/lib/thumb/v7e-m\libc_nano.a(lib_a-memset.o)
                0x00008474                memset
 .text.printf   0x00008484       0x30 c:/program files (x86)/atmel/studio/7.0/toolchain/arm/arm-gnu-toolchain/bin/../lib/gcc/arm-none-eabi/6.3.1/../../../../arm-none-eabi/lib/thumb/v7e-m\libc_nano.a(lib_a-printf.o)
                0x00008484                iprintf
                0x00008484                printf
 .text.putchar  0x000084b4       0x28 c:/program files (x86)/atmel/studio/7.0/toolchain/arm/arm-gnu-toolchain/bin/../lib/gcc/arm-none-eabi/6.3.1/../../../../arm-none-eabi/lib/thumb/v7e-m\libc_nano.a(lib_a-putchar.o)
                0x000084b4                putchar
 .text._puts_r  0x000084dc       0xb8 c:/program files (x86)/atmel/studio/7.0/toolchain/arm/arm-gnu-toolchain/bin/../lib/gcc/arm-none-eabi/6.3.1/../../../../arm-none-eabi/lib/thumb/v7e-m\libc_nano.a(lib_a-puts.o)
                0x000084dc                _puts_r
 .text.puts     0x00008594       0x10 c:/program files (x86)/atmel/studio/7.0/toolchain/arm/arm-gnu-toolchain/bin/../lib/gcc/arm-none-eabi/6.3.1/../../../../arm-none-eabi/lib/thumb/v7e-m\libc_nano.a(lib_a-puts.o)
                0x00008594                puts
 .text.setbuf   0x000085a4       0x10 c:/program files (x86)/atmel/studio/7.0/toolchain/arm/arm-gnu-toolchain/bin/../lib/gcc/arm-none-eabi/6.3.1/../../../../arm-none-eabi/lib/thumb/v7e-m\libc_nano.a(lib_a-setbuf.o)
                0x000085a4                setbuf
 .text.setvbuf  0x000085b4      0x15c c:/program files (x86)/atmel/studio/7.0/toolchain/arm/arm-gnu-toolchain/bin/../lib/gcc/arm-none-eabi/6.3.1/../../../../arm-none-eabi/lib/thumb/v7e-m\libc_nano.a(lib_a-setvbuf.o)
                0x000085b4                setvbuf
 .text.strcpy   0x00008710       0x10 c:/program files (x86)/atmel/studio/7.0/toolchain/arm/arm-gnu-toolchain/bin/../lib/gcc/arm-none-eabi/6.3.1/../../../../arm-none-eabi/lib/thumb/v7e-m\libc_nano.a(lib_a-strcpy.o)
                0x00008710                strcpy
 .text          0x00008720       0x10 c:/program files (x86)/atmel/studio/7.0/toolchain/arm/arm-gnu-toolchain/bin/../lib/gcc/arm-none-eabi/6.3.1/../../../../arm-none-eabi/lib/thumb/v7e-m\libc_nano.a(lib_a-strlen.o)
                0x00008720                strlen
 .text.__swbuf_r
                0x00008730       0xa4 c:/program files (x86)/atmel/studio/7.0/toolchain/arm/arm-gnu-toolchain/bin/../lib/gcc/arm-none-eabi/6.3.1/../../../../arm-none-eabi/lib/thumb/v7e-m\libc_nano.a(lib_a-wbuf.o)
                0x00008730                __swbuf_r
 .text.__swsetup_r
                0x000087d4       0xdc c:/program files (x86)/atmel/studio/7.0/toolchain/arm/arm-gnu-toolchain/bin/../lib/gcc/arm-none-eabi/6.3.1/../../../../arm-none-eabi/lib/thumb/v7e-m\libc_nano.a(lib_a-wsetup.o)
                0x000087d4                __swsetup_r
 .text.__sflush_r
                0x000088b0      0x110 c:/program files (x86)/atmel/studio/7.0/toolchain/arm/arm-gnu-toolchain/bin/../lib/gcc/arm-none-eabi/6.3.1/../../../../arm-none-eabi/lib/thumb/v7e-m\libc_nano.a(lib_a-fflush.o)
                0x000088b0                __sflush_r
 .text._fflush_r
                0x000089c0       0x54 c:/program files (x86)/atmel/studio/7.0/toolchain/arm/arm-gnu-toolchain/bin/../lib/gcc/arm-none-eabi/6.3.1/../../../../arm-none-eabi/lib/thumb/v7e-m\libc_nano.a(lib_a-fflush.o)
                0x000089c0                _fflush_r
 .text._cleanup_r
                0x00008a14        0xc c:/program files (x86)/atmel/studio/7.0/toolchain/arm/arm-gnu-toolchain/bin/../lib/gcc/arm-none-eabi/6.3.1/../../../../arm-none-eabi/lib/thumb/v7e-m\libc_nano.a(lib_a-findfp.o)
                0x00008a14                _cleanup_r
 .text.std.isra.0
                0x00008a20       0x48 c:/program files (x86)/atmel/studio/7.0/toolchain/arm/arm-gnu-toolchain/bin/../lib/gcc/arm-none-eabi/6.3.1/../../../../arm-none-eabi/lib/thumb/v7e-m\libc_nano.a(lib_a-findfp.o)
 .text.__sfmoreglue
                0x00008a68       0x2c c:/program files (x86)/atmel/studio/7.0/toolchain/arm/arm-gnu-toolchain/bin/../lib/gcc/arm-none-eabi/6.3.1/../../../../arm-none-eabi/lib/thumb/v7e-m\libc_nano.a(lib_a-findfp.o)
                0x00008a68                __sfmoreglue
 .text.__sinit  0x00008a94       0x60 c:/program files (x86)/atmel/studio/7.0/toolchain/arm/arm-gnu-toolchain/bin/../lib/gcc/arm-none-eabi/6.3.1/../../../../arm-none-eabi/lib/thumb/v7e-m\libc_nano.a(lib_a-findfp.o)
                0x00008a94                __sinit
 .text.__sfp    0x00008af4       0x78 c:/program files (x86)/atmel/studio/7.0/toolchain/arm/arm-gnu-toolchain/bin/../lib/gcc/arm-none-eabi/6.3.1/../../../../arm-none-eabi/lib/thumb/v7e-m\libc_nano.a(lib_a-findfp.o)
                0x00008af4                __sfp
 .text._fwalk_reent
                0x00008b6c       0x3c c:/program files (x86)/atmel/studio/7.0/toolchain/arm/arm-gnu-toolchain/bin/../lib/gcc/arm-none-eabi/6.3.1/../../../../arm-none-eabi/lib/thumb/v7e-m\libc_nano.a(lib_a-fwalk.o)
                0x00008b6c                _fwalk_reent
 .text.__swhatbuf_r
                0x00008ba8       0x48 c:/program files (x86)/atmel/studio/7.0/toolchain/arm/arm-gnu-toolchain/bin/../lib/gcc/arm-none-eabi/6.3.1/../../../../arm-none-eabi/lib/thumb/v7e-m\libc_nano.a(lib_a-makebuf.o)
                0x00008ba8                __swhatbuf_r
 .text.__smakebuf_r
                0x00008bf0       0x80 c:/program files (x86)/atmel/studio/7.0/toolchain/arm/arm-gnu-toolchain/bin/../lib/gcc/arm-none-eabi/6.3.1/../../../../arm-none-eabi/lib/thumb/v7e-m\libc_nano.a(lib_a-makebuf.o)
                0x00008bf0                __smakebuf_r
 .text.malloc   0x00008c70       0x10 c:/program files (x86)/atmel/studio/7.0/toolchain/arm/arm-gnu-toolchain/bin/../lib/gcc/arm-none-eabi/6.3.1/../../../../arm-none-eabi/lib/thumb/v7e-m\libc_nano.a(lib_a-malloc.o)
                0x00008c70                malloc
 .text._free_r  0x00008c80       0x9c c:/program files (x86)/atmel/studio/7.0/toolchain/arm/arm-gnu-toolchain/bin/../lib/gcc/arm-none-eabi/6.3.1/../../../../arm-none-eabi/lib/thumb/v7e-m\libc_nano.a(lib_a-nano-freer.o)
                0x00008c80                _free_r
 .text._malloc_r
                0x00008d1c       0xbc c:/program files (x86)/atmel/studio/7.0/toolchain/arm/arm-gnu-toolchain/bin/../lib/gcc/arm-none-eabi/6.3.1/../../../../arm-none-eabi/lib/thumb/v7e-m\libc_nano.a(lib_a-nano-mallocr.o)
                0x00008d1c                _malloc_r
 .text.__sfputc_r
                0x00008dd8       0x2c c:/program files (x86)/atmel/studio/7.0/toolchain/arm/arm-gnu-toolchain/bin/../lib/gcc/arm-none-eabi/6.3.1/../../../../arm-none-eabi/lib/thumb/v7e-m\libc_nano.a(lib_a-nano-vfprintf.o)
 .text.__sfputs_r
                0x00008e04       0x24 c:/program files (x86)/atmel/studio/7.0/toolchain/arm/arm-gnu-toolchain/bin/../lib/gcc/arm-none-eabi/6.3.1/../../../../arm-none-eabi/lib/thumb/v7e-m\libc_nano.a(lib_a-nano-vfprintf.o)
                0x00008e04                __sfputs_r
 .text._vfprintf_r
                0x00008e28      0x22c c:/program files (x86)/atmel/studio/7.0/toolchain/arm/arm-gnu-toolchain/bin/../lib/gcc/arm-none-eabi/6.3.1/../../../../arm-none-eabi/lib/thumb/v7e-m\libc_nano.a(lib_a-nano-vfprintf.o)
                0x00008e28                _vfprintf_r
                0x00008e28                _vfiprintf_r
 .text._printf_common
                0x00009054       0xec c:/program files (x86)/atmel/studio/7.0/toolchain/arm/arm-gnu-toolchain/bin/../lib/gcc/arm-none-eabi/6.3.1/../../../../arm-none-eabi/lib/thumb/v7e-m\libc_nano.a(lib_a-nano-vfprintf_i.o)
                0x00009054                _printf_common
 .text._printf_i
                0x00009140      0x240 c:/program files (x86)/atmel/studio/7.0/toolchain/arm/arm-gnu-toolchain/bin/../lib/gcc/arm-none-eabi/6.3.1/../../../../arm-none-eabi/lib/thumb/v7e-m\libc_nano.a(lib_a-nano-vfprintf_i.o)
                0x00009140                _printf_i
 .text._putc_r  0x00009380       0x6c c:/program files (x86)/atmel/studio/7.0/toolchain/arm/arm-gnu-toolchain/bin/../lib/gcc/arm-none-eabi/6.3.1/../../../../arm-none-eabi/lib/thumb/v7e-m\libc_nano.a(lib_a-putc.o)
                0x00009380                _putc_r
 .text._sbrk_r  0x000093ec       0x20 c:/program files (x86)/atmel/studio/7.0/toolchain/arm/arm-gnu-toolchain/bin/../lib/gcc/arm-none-eabi/6.3.1/../../../../arm-none-eabi/lib/thumb/v7e-m\libc_nano.a(lib_a-sbrkr.o)
                0x000093ec                _sbrk_r
 .text.__sread  0x0000940c       0x22 c:/program files (x86)/atmel/studio/7.0/toolchain/arm/arm-gnu-toolchain/bin/../lib/gcc/arm-none-eabi/6.3.1/../../../../arm-none-eabi/lib/thumb/v7e-m\libc_nano.a(lib_a-stdio.o)
                0x0000940c                __sread
 .text.__swrite
                0x0000942e       0x38 c:/program files (x86)/atmel/studio/7.0/toolchain/arm/arm-gnu-toolchain/bin/../lib/gcc/arm-none-eabi/6.3.1/../../../../arm-none-eabi/lib/thumb/v7e-m\libc_nano.a(lib_a-stdio.o)
                0x0000942e                __swrite
 .text.__sseek  0x00009466       0x24 c:/program files (x86)/atmel/studio/7.0/toolchain/arm/arm-gnu-toolchain/bin/../lib/gcc/arm-none-eabi/6.3.1/../../../../arm-none-eabi/lib/thumb/v7e-m\libc_nano.a(lib_a-stdio.o)
                0x00009466                __sseek
 .text.__sclose
                0x0000948a        0x8 c:/program files (x86)/atmel/studio/7.0/toolchain/arm/arm-gnu-toolchain/bin/../lib/gcc/arm-none-eabi/6.3.1/../../../../arm-none-eabi/lib/thumb/v7e-m\libc_nano.a(lib_a-stdio.o)
                0x0000948a                __sclose
 *fill*         0x00009492        0x2 
 .text._write_r
                0x00009494       0x24 c:/program files (x86)/atmel/studio/7.0/toolchain/arm/arm-gnu-toolchain/bin/../lib/gcc/arm-none-eabi/6.3.1/../../../../arm-none-eabi/lib/thumb/v7e-m\libc_nano.a(lib_a-writer.o)
                0x00009494                _write_r
 .text._close_r
                0x000094b8       0x20 c:/program files (x86)/atmel/studio/7.0/toolchain/arm/arm-gnu-toolchain/bin/../lib/gcc/arm-none-eabi/6.3.1/../../../../arm-none-eabi/lib/thumb/v7e-m\libc_nano.a(lib_a-closer.o)
                0x000094b8                _close_r
 .text._fstat_r
                0x000094d8       0x24 c:/program files (x86)/atmel/studio/7.0/toolchain/arm/arm-gnu-toolchain/bin/../lib/gcc/arm-none-eabi/6.3.1/../../../../arm-none-eabi/lib/thumb/v7e-m\libc_nano.a(lib_a-fstatr.o)
                0x000094d8                _fstat_r
 .text._isatty_r
                0x000094fc       0x20 c:/program files (x86)/atmel/studio/7.0/toolchain/arm/arm-gnu-toolchain/bin/../lib/gcc/arm-none-eabi/6.3.1/../../../../arm-none-eabi/lib/thumb/v7e-m\libc_nano.a(lib_a-isattyr.o)
                0x000094fc                _isatty_r
 .text._lseek_r
                0x0000951c       0x24 c:/program files (x86)/atmel/studio/7.0/toolchain/arm/arm-gnu-toolchain/bin/../lib/gcc/arm-none-eabi/6.3.1/../../../../arm-none-eabi/lib/thumb/v7e-m\libc_nano.a(lib_a-lseekr.o)
                0x0000951c                _lseek_r
 .text          0x00009540       0xa0 c:/program files (x86)/atmel/studio/7.0/toolchain/arm/arm-gnu-toolchain/bin/../lib/gcc/arm-none-eabi/6.3.1/../../../../arm-none-eabi/lib/thumb/v7e-m\libc_nano.a(lib_a-memchr.o)
                0x00009540                memchr
 .text.__malloc_lock
                0x000095e0        0x2 c:/program files (x86)/atmel/studio/7.0/toolchain/arm/arm-gnu-toolchain/bin/../lib/gcc/arm-none-eabi/6.3.1/../../../../arm-none-eabi/lib/thumb/v7e-m\libc_nano.a(lib_a-mlock.o)
                0x000095e0                __malloc_lock
 .text.__malloc_unlock
                0x000095e2        0x2 c:/program files (x86)/atmel/studio/7.0/toolchain/arm/arm-gnu-toolchain/bin/../lib/gcc/arm-none-eabi/6.3.1/../../../../arm-none-eabi/lib/thumb/v7e-m\libc_nano.a(lib_a-mlock.o)
                0x000095e2                __malloc_unlock
 .text._read_r  0x000095e4       0x24 c:/program files (x86)/atmel/studio/7.0/toolchain/arm/arm-gnu-toolchain/bin/../lib/gcc/arm-none-eabi/6.3.1/../../../../arm-none-eabi/lib/thumb/v7e-m\libc_nano.a(lib_a-readr.o)
                0x000095e4                _read_r
 *(.glue_7t)
 .glue_7t       0x00009608        0x0 linker stubs
 *(.glue_7)
 .glue_7        0x00009608        0x0 linker stubs
 *(.rodata .rodata* .gnu.linkonce.r.*)
 .rodata        0x00009608       0x68 hpl/sercom/hpl_sercom.o
 .rodata.str1.1
                0x00009670       0x25 lwip/lwip-1.4.0/port/ethif_mac.o
 .rodata.str1.1
                0x00009695      0xf22 lwip/lwip-1.4.0/src/core/dhcp.o
                                0xf3d (size before relaxing)
 .rodata.str1.1
                0x0000a5b7      0x1c2 lwip/lwip-1.4.0/src/core/ipv4/icmp.o
 .rodata.str1.1
                0x0000a779       0x6e lwip/lwip-1.4.0/src/core/ipv4/inet_chksum.o
 .rodata.str1.1
                0x0000a7e7      0x482 lwip/lwip-1.4.0/src/core/ipv4/ip.o
 *fill*         0x0000ac69        0x3 
 .rodata        0x0000ac6c        0x8 lwip/lwip-1.4.0/src/core/ipv4/ip_addr.o
                0x0000ac6c                ip_addr_broadcast
                0x0000ac70                ip_addr_any
 .rodata.str1.1
                0x0000ac74      0x14f lwip/lwip-1.4.0/src/core/ipv4/ip_frag.o
 .rodata.str1.1
                0x0000adc3       0x7c lwip/lwip-1.4.0/src/core/mem.o
 *fill*         0x0000ae3f        0x1 
 .rodata        0x0000ae40       0x50 lwip/lwip-1.4.0/src/core/memp.o
 .rodata.str1.1
                0x0000ae90       0xcd lwip/lwip-1.4.0/src/core/memp.o
                                 0xf5 (size before relaxing)
 .rodata.str1.1
                0x0000af5d      0x1b3 lwip/lwip-1.4.0/src/core/netif.o
                                0x1c3 (size before relaxing)
 .rodata.str1.1
                0x0000b110      0x3f2 lwip/lwip-1.4.0/src/core/pbuf.o
                                0x41e (size before relaxing)
 *fill*         0x0000b502        0x2 
 .rodata        0x0000b504       0x50 lwip/lwip-1.4.0/src/core/tcp.o
                0x0000b504                tcp_pcb_lists
                0x0000b514                tcp_persist_backoff
                0x0000b51b                tcp_backoff
                0x0000b528                tcp_state_str
 .rodata.str1.1
                0x0000b554      0x6a5 lwip/lwip-1.4.0/src/core/tcp.o
                                0x6fd (size before relaxing)
 .rodata.str1.1
                0x0000bbf9      0x567 lwip/lwip-1.4.0/src/core/tcp_in.o
 .rodata.str1.1
                0x0000c160      0x5d5 lwip/lwip-1.4.0/src/core/tcp_out.o
                                0x5fd (size before relaxing)
 .rodata.str1.1
                0x0000c735       0x41 lwip/lwip-1.4.0/src/core/timers.o
                                 0x4b (size before relaxing)
 .rodata.str1.1
                0x0000c776      0x428 lwip/lwip-1.4.0/src/core/udp.o
                                0x45a (size before relaxing)
 .rodata        0x0000cb9e        0xc lwip/lwip-1.4.0/src/netif/etharp.o
                0x0000cb9e                ethzero
                0x0000cba4                ethbroadcast
 .rodata.str1.1
                0x0000cbaa      0x755 lwip/lwip-1.4.0/src/netif/etharp.o
 .rodata.str1.1
                0x0000d2ff      0x14d main.o
 .rodata._global_impure_ptr
                0x0000d44c        0x4 c:/program files (x86)/atmel/studio/7.0/toolchain/arm/arm-gnu-toolchain/bin/../lib/gcc/arm-none-eabi/6.3.1/../../../../arm-none-eabi/lib/thumb/v7e-m\libc_nano.a(lib_a-impure.o)
                0x0000d44c                _global_impure_ptr
 .rodata.__sf_fake_stderr
                0x0000d450       0x20 c:/program files (x86)/atmel/studio/7.0/toolchain/arm/arm-gnu-toolchain/bin/../lib/gcc/arm-none-eabi/6.3.1/../../../../arm-none-eabi/lib/thumb/v7e-m\libc_nano.a(lib_a-findfp.o)
                0x0000d450                __sf_fake_stderr
 .rodata.__sf_fake_stdin
                0x0000d470       0x20 c:/program files (x86)/atmel/studio/7.0/toolchain/arm/arm-gnu-toolchain/bin/../lib/gcc/arm-none-eabi/6.3.1/../../../../arm-none-eabi/lib/thumb/v7e-m\libc_nano.a(lib_a-findfp.o)
                0x0000d470                __sf_fake_stdin
 .rodata.__sf_fake_stdout
                0x0000d490       0x20 c:/program files (x86)/atmel/studio/7.0/toolchain/arm/arm-gnu-toolchain/bin/../lib/gcc/arm-none-eabi/6.3.1/../../../../arm-none-eabi/lib/thumb/v7e-m\libc_nano.a(lib_a-findfp.o)
                0x0000d490                __sf_fake_stdout
 .rodata._vfprintf_r.str1.1
                0x0000d4b0       0x11 c:/program files (x86)/atmel/studio/7.0/toolchain/arm/arm-gnu-toolchain/bin/../lib/gcc/arm-none-eabi/6.3.1/../../../../arm-none-eabi/lib/thumb/v7e-m\libc_nano.a(lib_a-nano-vfprintf.o)
 .rodata._printf_i.str1.1
                0x0000d4c1       0x22 c:/program files (x86)/atmel/studio/7.0/toolchain/arm/arm-gnu-toolchain/bin/../lib/gcc/arm-none-eabi/6.3.1/../../../../arm-none-eabi/lib/thumb/v7e-m\libc_nano.a(lib_a-nano-vfprintf_i.o)
 *(.ARM.extab* .gnu.linkonce.armextab.*)
                0x0000d4e4                . = ALIGN (0x4)
 *fill*         0x0000d4e3        0x1 
 *(.init)
 .init          0x0000d4e4        0x4 c:/program files (x86)/atmel/studio/7.0/toolchain/arm/arm-gnu-toolchain/bin/../lib/gcc/arm-none-eabi/6.3.1/thumb/v7e-m/crti.o
                0x0000d4e4                _init
 .init          0x0000d4e8        0x8 c:/program files (x86)/atmel/studio/7.0/toolchain/arm/arm-gnu-toolchain/bin/../lib/gcc/arm-none-eabi/6.3.1/thumb/v7e-m/crtn.o
                0x0000d4f0                . = ALIGN (0x4)
                0x0000d4f0                __preinit_array_start = .
 *(.preinit_array)
                0x0000d4f0                __preinit_array_end = .
                0x0000d4f0                . = ALIGN (0x4)
                0x0000d4f0                __init_array_start = .
 *(SORT(.init_array.*))
 *(.init_array)
 .init_array    0x0000d4f0        0x4 c:/program files (x86)/atmel/studio/7.0/toolchain/arm/arm-gnu-toolchain/bin/../lib/gcc/arm-none-eabi/6.3.1/thumb/v7e-m/crtbegin.o
                0x0000d4f4                __init_array_end = .
                0x0000d4f4                . = ALIGN (0x4)
 *crtbegin.o(.ctors)
 *(EXCLUDE_FILE(*crtend.o) .ctors)
 *(SORT(.ctors.*))
 *crtend.o(.ctors)
                0x0000d4f4                . = ALIGN (0x4)
 *(.fini)
 .fini          0x0000d4f4        0x4 c:/program files (x86)/atmel/studio/7.0/toolchain/arm/arm-gnu-toolchain/bin/../lib/gcc/arm-none-eabi/6.3.1/thumb/v7e-m/crti.o
                0x0000d4f4                _fini
 .fini          0x0000d4f8        0x8 c:/program files (x86)/atmel/studio/7.0/toolchain/arm/arm-gnu-toolchain/bin/../lib/gcc/arm-none-eabi/6.3.1/thumb/v7e-m/crtn.o
                0x0000d500                . = ALIGN (0x4)
                0x0000d500                __fini_array_start = .
 *(.fini_array)
 .fini_array    0x0000d500        0x4 c:/program files (x86)/atmel/studio/7.0/toolchain/arm/arm-gnu-toolchain/bin/../lib/gcc/arm-none-eabi/6.3.1/thumb/v7e-m/crtbegin.o
 *(SORT(.fini_array.*))
                0x0000d504                __fini_array_end = .
 *crtbegin.o(.dtors)
 *(EXCLUDE_FILE(*crtend.o) .dtors)
 *(SORT(.dtors.*))
 *crtend.o(.dtors)
                0x0000d504                . = ALIGN (0x4)
                0x0000d504                _efixed = .
                [!provide]                PROVIDE (__exidx_start, .)

.vfp11_veneer   0x0000d504        0x0
 .vfp11_veneer  0x0000d504        0x0 linker stubs

.v4_bx          0x0000d504        0x0
 .v4_bx         0x0000d504        0x0 linker stubs

.iplt           0x0000d504        0x0
 .iplt          0x0000d504        0x0 c:/program files (x86)/atmel/studio/7.0/toolchain/arm/arm-gnu-toolchain/bin/../lib/gcc/arm-none-eabi/6.3.1/thumb/v7e-m/crtbegin.o

.eh_frame       0x0000d504        0x0
 .eh_frame      0x0000d504        0x0 c:/program files (x86)/atmel/studio/7.0/toolchain/arm/arm-gnu-toolchain/bin/../lib/gcc/arm-none-eabi/6.3.1/thumb/v7e-m/crtbegin.o

.rel.dyn        0x0000d504        0x0
 .rel.iplt      0x0000d504        0x0 c:/program files (x86)/atmel/studio/7.0/toolchain/arm/arm-gnu-toolchain/bin/../lib/gcc/arm-none-eabi/6.3.1/thumb/v7e-m/crtbegin.o

.jcr            0x0000d504        0x0
 .jcr           0x0000d504        0x0 c:/program files (x86)/atmel/studio/7.0/toolchain/arm/arm-gnu-toolchain/bin/../lib/gcc/arm-none-eabi/6.3.1/thumb/v7e-m/crtbegin.o

.igot.plt       0x0000d504        0x0
 .igot.plt      0x0000d504        0x0 c:/program files (x86)/atmel/studio/7.0/toolchain/arm/arm-gnu-toolchain/bin/../lib/gcc/arm-none-eabi/6.3.1/thumb/v7e-m/crtbegin.o

.ARM.exidx
 *(.ARM.exidx* .gnu.linkonce.armexidx.*)
                [!provide]                PROVIDE (__exidx_end, .)
                0x0000d504                . = ALIGN (0x4)
                0x0000d504                _etext = .

.relocate       0x20000000       0x74 load address 0x0000d504
                0x20000000                . = ALIGN (0x4)
                0x20000000                _srelocate = .
 *(.ramfunc .ramfunc.*)
 *(.data .data.*)
 .data          0x20000000        0x4 lwip/lwip-1.4.0/src/core/dhcp.o
 .data          0x20000004        0x8 lwip/lwip-1.4.0/src/core/tcp.o
 .data          0x2000000c        0x2 lwip/lwip-1.4.0/src/core/udp.o
 *fill*         0x2000000e        0x2 
 .data._impure_ptr
                0x20000010        0x4 c:/program files (x86)/atmel/studio/7.0/toolchain/arm/arm-gnu-toolchain/bin/../lib/gcc/arm-none-eabi/6.3.1/../../../../arm-none-eabi/lib/thumb/v7e-m\libc_nano.a(lib_a-impure.o)
                0x20000010                _impure_ptr
 .data.impure_data
                0x20000014       0x60 c:/program files (x86)/atmel/studio/7.0/toolchain/arm/arm-gnu-toolchain/bin/../lib/gcc/arm-none-eabi/6.3.1/../../../../arm-none-eabi/lib/thumb/v7e-m\libc_nano.a(lib_a-impure.o)
                0x20000074                . = ALIGN (0x4)
                0x20000074                _erelocate = .

.bkupram        0x47000000        0x0
                0x47000000                . = ALIGN (0x8)
                0x47000000                _sbkupram = .
 *(.bkupram .bkupram.*)
                0x47000000                . = ALIGN (0x8)
                0x47000000                _ebkupram = .

.qspi           0x04000000        0x0
                0x04000000                . = ALIGN (0x8)
                0x04000000                _sqspi = .
 *(.qspi .qspi.*)
                0x04000000                . = ALIGN (0x8)
                0x04000000                _eqspi = .

.bss            0x20000080     0x9030 load address 0x0000d5a0
                0x20000080                . = ALIGN (0x4)
                0x20000080                _sbss = .
                0x20000080                _szero = .
 *(.bss .bss.*)
 .bss           0x20000080       0x1c c:/program files (x86)/atmel/studio/7.0/toolchain/arm/arm-gnu-toolchain/bin/../lib/gcc/arm-none-eabi/6.3.1/thumb/v7e-m/crtbegin.o
 .bss           0x2000009c        0x6 eth_ipstack_main.o
 *fill*         0x200000a2        0x2 
 .bss           0x200000a4        0x4 hal/utils/src/utils_syscalls.o
 *fill*         0x200000a8       0x18 
 .bss           0x200000c0     0x1464 hpl/gmac/hpl_gmac.o
 .bss           0x20001524        0x4 hpl/rtc/hpl_rtc.o
 .bss           0x20001528        0x2 lwip/lwip-1.4.0/src/core/ipv4/ip.o
 *fill*         0x2000152a        0x2 
 .bss           0x2000152c        0x6 lwip/lwip-1.4.0/src/core/ipv4/ip_frag.o
 *fill*         0x20001532        0x2 
 .bss           0x20001534        0xc lwip/lwip-1.4.0/src/core/mem.o
 .bss           0x20001540     0x6960 lwip/lwip-1.4.0/src/core/memp.o
 .bss           0x20007ea0        0x1 lwip/lwip-1.4.0/src/core/netif.o
 *fill*         0x20007ea1        0x3 
 .bss           0x20007ea4        0x4 lwip/lwip-1.4.0/src/core/raw.o
 .bss           0x20007ea8        0x2 lwip/lwip-1.4.0/src/core/tcp.o
 *fill*         0x20007eaa        0x2 
 .bss           0x20007eac       0x34 lwip/lwip-1.4.0/src/core/tcp_in.o
 .bss           0x20007ee0        0xc lwip/lwip-1.4.0/src/core/timers.o
 .bss           0x20007eec       0xc9 lwip/lwip-1.4.0/src/netif/etharp.o
 *fill*         0x20007fb5        0x3 
 .bss           0x20007fb8       0x19 main.o
 *fill*         0x20007fd1        0x3 
 .bss           0x20007fd4        0x4 stdio_redirect/stdio_io.o
 .bss.__malloc_free_list
                0x20007fd8        0x4 c:/program files (x86)/atmel/studio/7.0/toolchain/arm/arm-gnu-toolchain/bin/../lib/gcc/arm-none-eabi/6.3.1/../../../../arm-none-eabi/lib/thumb/v7e-m\libc_nano.a(lib_a-nano-mallocr.o)
                0x20007fd8                __malloc_free_list
 .bss.__malloc_sbrk_start
                0x20007fdc        0x4 c:/program files (x86)/atmel/studio/7.0/toolchain/arm/arm-gnu-toolchain/bin/../lib/gcc/arm-none-eabi/6.3.1/../../../../arm-none-eabi/lib/thumb/v7e-m\libc_nano.a(lib_a-nano-mallocr.o)
                0x20007fdc                __malloc_sbrk_start
 *(COMMON)
 COMMON         0x20007fe0        0x8 atmel_start.o
                0x20007fe0                ETHERNET_PHY_0_desc
 COMMON         0x20007fe8       0x50 driver_init.o
                0x20007fe8                USART_0
                0x20007ff4                USART_1
                0x20008000                ETHERNET_MAC_0
                0x2000801c                TIMER_0
 COMMON         0x20008038       0x3c eth_ipstack_main.o
                0x20008038                LWIP_MACIF_desc
 COMMON         0x20008074       0x10 hpl/ramecc/hpl_ramecc.o
                0x20008074                device
 COMMON         0x20008084       0x34 lwip/lwip-1.4.0/src/core/dhcp.o
                0x20008084                dhcp_rx_options_given
                0x20008090                dhcp_rx_options_val
 COMMON         0x200080b8       0x10 lwip/lwip-1.4.0/src/core/ipv4/ip.o
                0x200080b8                current_iphdr_src
                0x200080bc                current_netif
                0x200080c0                current_iphdr_dest
                0x200080c4                current_header
 COMMON         0x200080c8      0xfb4 lwip/lwip-1.4.0/src/core/mem.o
                0x200080c8                ram_heap
 COMMON         0x2000907c        0x8 lwip/lwip-1.4.0/src/core/netif.o
                0x2000907c                netif_list
                0x20009080                netif_default
 COMMON         0x20009084        0x1 lwip/lwip-1.4.0/src/core/pbuf.o
                0x20009084                pbuf_free_ooseq_pending
 *fill*         0x20009085        0x3 
 COMMON         0x20009088       0x1c lwip/lwip-1.4.0/src/core/tcp.o
                0x20009088                tcp_active_pcbs_changed
                0x2000908c                tcp_active_pcbs
                0x20009090                tcp_ticks
                0x20009094                tcp_listen_pcbs
                0x20009098                tcp_tmp_pcb
                0x2000909c                tcp_bound_pcbs
                0x200090a0                tcp_tw_pcbs
 COMMON         0x200090a4        0x4 lwip/lwip-1.4.0/src/core/tcp_in.o
                0x200090a4                tcp_input_pcb
 COMMON         0x200090a8        0x4 lwip/lwip-1.4.0/src/core/udp.o
                0x200090a8                udp_pcbs
 COMMON         0x200090ac        0x4 c:/program files (x86)/atmel/studio/7.0/toolchain/arm/arm-gnu-toolchain/bin/../lib/gcc/arm-none-eabi/6.3.1/../../../../arm-none-eabi/lib/thumb/v7e-m\libc_nano.a(lib_a-reent.o)
                0x200090ac                errno
                0x200090b0                . = ALIGN (0x4)
                0x200090b0                _ebss = .
                0x200090b0                _ezero = .

.stack          0x200090b0    0x10000 load address 0x000165d0
                0x200090b0                . = ALIGN (0x8)
                0x200090b0                _sstack = .
                0x200190b0                . = (. + STACK_SIZE)
 *fill*         0x200090b0    0x10000 
                0x200190b0                . = ALIGN (0x8)
                0x200190b0                _estack = .
                0x200190b0                . = ALIGN (0x4)
                0x200190b0                _end = .
OUTPUT(EthMotorsArm.elf elf32-littlearm)

.ARM.attributes
                0x00000000       0x2e
 .ARM.attributes
                0x00000000       0x1e c:/program files (x86)/atmel/studio/7.0/toolchain/arm/arm-gnu-toolchain/bin/../lib/gcc/arm-none-eabi/6.3.1/thumb/v7e-m/crti.o
 .ARM.attributes
                0x0000001e       0x2e c:/program files (x86)/atmel/studio/7.0/toolchain/arm/arm-gnu-toolchain/bin/../lib/gcc/arm-none-eabi/6.3.1/thumb/v7e-m/crtbegin.o
 .ARM.attributes
                0x0000004c       0x37 atmel_start.o
 .ARM.attributes
                0x00000083       0x37 Device_Startup/startup_same53.o
 .ARM.attributes
                0x000000ba       0x37 driver_init.o
 .ARM.attributes
                0x000000f1       0x37 ethernet_phy/ethernet_phy.o
 .ARM.attributes
                0x00000128       0x37 ethernet_phy_main.o
 .ARM.attributes
                0x0000015f       0x37 eth_ipstack_main.o
 .ARM.attributes
                0x00000196       0x37 hal/src/hal_io.o
 .ARM.attributes
                0x000001cd       0x37 hal/src/hal_mac_async.o
 .ARM.attributes
                0x00000204       0x37 hal/src/hal_timer.o
 .ARM.attributes
                0x0000023b       0x37 hal/src/hal_usart_sync.o
 .ARM.attributes
                0x00000272       0x37 hal/utils/src/utils_list.o
 .ARM.attributes
                0x000002a9       0x37 hal/utils/src/utils_syscalls.o
 .ARM.attributes
                0x000002e0       0x37 hpl/core/hpl_init.o
 .ARM.attributes
                0x00000317       0x37 hpl/gclk/hpl_gclk.o
 .ARM.attributes
                0x0000034e       0x37 hpl/gmac/hpl_gmac.o
 .ARM.attributes
                0x00000385       0x37 hpl/mclk/hpl_mclk.o
 .ARM.attributes
                0x000003bc       0x37 hpl/osc32kctrl/hpl_osc32kctrl.o
 .ARM.attributes
                0x000003f3       0x37 hpl/oscctrl/hpl_oscctrl.o
 .ARM.attributes
                0x0000042a       0x37 hpl/ramecc/hpl_ramecc.o
 .ARM.attributes
                0x00000461       0x37 hpl/rtc/hpl_rtc.o
 .ARM.attributes
                0x00000498       0x37 hpl/sercom/hpl_sercom.o
 .ARM.attributes
                0x000004cf       0x37 lwip/lwip-1.4.0/port/ethif_mac.o
 .ARM.attributes
                0x00000506       0x37 lwip/lwip-1.4.0/src/core/def.o
 .ARM.attributes
                0x0000053d       0x37 lwip/lwip-1.4.0/src/core/dhcp.o
 .ARM.attributes
                0x00000574       0x37 lwip/lwip-1.4.0/src/core/init.o
 .ARM.attributes
                0x000005ab       0x37 lwip/lwip-1.4.0/src/core/ipv4/icmp.o
 .ARM.attributes
                0x000005e2       0x37 lwip/lwip-1.4.0/src/core/ipv4/inet_chksum.o
 .ARM.attributes
                0x00000619       0x37 lwip/lwip-1.4.0/src/core/ipv4/ip.o
 .ARM.attributes
                0x00000650       0x37 lwip/lwip-1.4.0/src/core/ipv4/ip_addr.o
 .ARM.attributes
                0x00000687       0x37 lwip/lwip-1.4.0/src/core/ipv4/ip_frag.o
 .ARM.attributes
                0x000006be       0x37 lwip/lwip-1.4.0/src/core/mem.o
 .ARM.attributes
                0x000006f5       0x37 lwip/lwip-1.4.0/src/core/memp.o
 .ARM.attributes
                0x0000072c       0x37 lwip/lwip-1.4.0/src/core/netif.o
 .ARM.attributes
                0x00000763       0x37 lwip/lwip-1.4.0/src/core/pbuf.o
 .ARM.attributes
                0x0000079a       0x37 lwip/lwip-1.4.0/src/core/raw.o
 .ARM.attributes
                0x000007d1       0x37 lwip/lwip-1.4.0/src/core/tcp.o
 .ARM.attributes
                0x00000808       0x37 lwip/lwip-1.4.0/src/core/tcp_in.o
 .ARM.attributes
                0x0000083f       0x37 lwip/lwip-1.4.0/src/core/tcp_out.o
 .ARM.attributes
                0x00000876       0x37 lwip/lwip-1.4.0/src/core/timers.o
 .ARM.attributes
                0x000008ad       0x37 lwip/lwip-1.4.0/src/core/udp.o
 .ARM.attributes
                0x000008e4       0x37 lwip/lwip-1.4.0/src/netif/etharp.o
 .ARM.attributes
                0x0000091b       0x37 main.o
 .ARM.attributes
                0x00000952       0x37 stdio_redirect/gcc/read.o
 .ARM.attributes
                0x00000989       0x37 stdio_redirect/gcc/write.o
 .ARM.attributes
                0x000009c0       0x37 stdio_redirect/stdio_io.o
 .ARM.attributes
                0x000009f7       0x37 stdio_start.o
 .ARM.attributes
                0x00000a2e       0x2e c:/program files (x86)/atmel/studio/7.0/toolchain/arm/arm-gnu-toolchain/bin/../lib/gcc/arm-none-eabi/6.3.1/../../../../arm-none-eabi/lib/thumb/v7e-m\libc_nano.a(lib_a-impure.o)
 .ARM.attributes
                0x00000a5c       0x2e c:/program files (x86)/atmel/studio/7.0/toolchain/arm/arm-gnu-toolchain/bin/../lib/gcc/arm-none-eabi/6.3.1/../../../../arm-none-eabi/lib/thumb/v7e-m\libc_nano.a(lib_a-init.o)
 .ARM.attributes
                0x00000a8a       0x2e c:/program files (x86)/atmel/studio/7.0/toolchain/arm/arm-gnu-toolchain/bin/../lib/gcc/arm-none-eabi/6.3.1/../../../../arm-none-eabi/lib/thumb/v7e-m\libc_nano.a(lib_a-memcmp.o)
 .ARM.attributes
                0x00000ab8       0x2e c:/program files (x86)/atmel/studio/7.0/toolchain/arm/arm-gnu-toolchain/bin/../lib/gcc/arm-none-eabi/6.3.1/../../../../arm-none-eabi/lib/thumb/v7e-m\libc_nano.a(lib_a-memcpy-stub.o)
 .ARM.attributes
                0x00000ae6       0x2e c:/program files (x86)/atmel/studio/7.0/toolchain/arm/arm-gnu-toolchain/bin/../lib/gcc/arm-none-eabi/6.3.1/../../../../arm-none-eabi/lib/thumb/v7e-m\libc_nano.a(lib_a-memset.o)
 .ARM.attributes
                0x00000b14       0x2e c:/program files (x86)/atmel/studio/7.0/toolchain/arm/arm-gnu-toolchain/bin/../lib/gcc/arm-none-eabi/6.3.1/../../../../arm-none-eabi/lib/thumb/v7e-m\libc_nano.a(lib_a-printf.o)
 .ARM.attributes
                0x00000b42       0x2e c:/program files (x86)/atmel/studio/7.0/toolchain/arm/arm-gnu-toolchain/bin/../lib/gcc/arm-none-eabi/6.3.1/../../../../arm-none-eabi/lib/thumb/v7e-m\libc_nano.a(lib_a-putchar.o)
 .ARM.attributes
                0x00000b70       0x2e c:/program files (x86)/atmel/studio/7.0/toolchain/arm/arm-gnu-toolchain/bin/../lib/gcc/arm-none-eabi/6.3.1/../../../../arm-none-eabi/lib/thumb/v7e-m\libc_nano.a(lib_a-puts.o)
 .ARM.attributes
                0x00000b9e       0x2e c:/program files (x86)/atmel/studio/7.0/toolchain/arm/arm-gnu-toolchain/bin/../lib/gcc/arm-none-eabi/6.3.1/../../../../arm-none-eabi/lib/thumb/v7e-m\libc_nano.a(lib_a-setbuf.o)
 .ARM.attributes
                0x00000bcc       0x2e c:/program files (x86)/atmel/studio/7.0/toolchain/arm/arm-gnu-toolchain/bin/../lib/gcc/arm-none-eabi/6.3.1/../../../../arm-none-eabi/lib/thumb/v7e-m\libc_nano.a(lib_a-setvbuf.o)
 .ARM.attributes
                0x00000bfa       0x2e c:/program files (x86)/atmel/studio/7.0/toolchain/arm/arm-gnu-toolchain/bin/../lib/gcc/arm-none-eabi/6.3.1/../../../../arm-none-eabi/lib/thumb/v7e-m\libc_nano.a(lib_a-strcpy.o)
 .ARM.attributes
                0x00000c28       0x17 c:/program files (x86)/atmel/studio/7.0/toolchain/arm/arm-gnu-toolchain/bin/../lib/gcc/arm-none-eabi/6.3.1/../../../../arm-none-eabi/lib/thumb/v7e-m\libc_nano.a(lib_a-strlen.o)
 .ARM.attributes
                0x00000c3f       0x2e c:/program files (x86)/atmel/studio/7.0/toolchain/arm/arm-gnu-toolchain/bin/../lib/gcc/arm-none-eabi/6.3.1/../../../../arm-none-eabi/lib/thumb/v7e-m\libc_nano.a(lib_a-wbuf.o)
 .ARM.attributes
                0x00000c6d       0x2e c:/program files (x86)/atmel/studio/7.0/toolchain/arm/arm-gnu-toolchain/bin/../lib/gcc/arm-none-eabi/6.3.1/../../../../arm-none-eabi/lib/thumb/v7e-m\libc_nano.a(lib_a-wsetup.o)
 .ARM.attributes
                0x00000c9b       0x2e c:/program files (x86)/atmel/studio/7.0/toolchain/arm/arm-gnu-toolchain/bin/../lib/gcc/arm-none-eabi/6.3.1/../../../../arm-none-eabi/lib/thumb/v7e-m\libc_nano.a(lib_a-fflush.o)
 .ARM.attributes
                0x00000cc9       0x2e c:/program files (x86)/atmel/studio/7.0/toolchain/arm/arm-gnu-toolchain/bin/../lib/gcc/arm-none-eabi/6.3.1/../../../../arm-none-eabi/lib/thumb/v7e-m\libc_nano.a(lib_a-findfp.o)
 .ARM.attributes
                0x00000cf7       0x2e c:/program files (x86)/atmel/studio/7.0/toolchain/arm/arm-gnu-toolchain/bin/../lib/gcc/arm-none-eabi/6.3.1/../../../../arm-none-eabi/lib/thumb/v7e-m\libc_nano.a(lib_a-fwalk.o)
 .ARM.attributes
                0x00000d25       0x2e c:/program files (x86)/atmel/studio/7.0/toolchain/arm/arm-gnu-toolchain/bin/../lib/gcc/arm-none-eabi/6.3.1/../../../../arm-none-eabi/lib/thumb/v7e-m\libc_nano.a(lib_a-makebuf.o)
 .ARM.attributes
                0x00000d53       0x2e c:/program files (x86)/atmel/studio/7.0/toolchain/arm/arm-gnu-toolchain/bin/../lib/gcc/arm-none-eabi/6.3.1/../../../../arm-none-eabi/lib/thumb/v7e-m\libc_nano.a(lib_a-malloc.o)
 .ARM.attributes
                0x00000d81       0x2e c:/program files (x86)/atmel/studio/7.0/toolchain/arm/arm-gnu-toolchain/bin/../lib/gcc/arm-none-eabi/6.3.1/../../../../arm-none-eabi/lib/thumb/v7e-m\libc_nano.a(lib_a-nano-freer.o)
 .ARM.attributes
                0x00000daf       0x2e c:/program files (x86)/atmel/studio/7.0/toolchain/arm/arm-gnu-toolchain/bin/../lib/gcc/arm-none-eabi/6.3.1/../../../../arm-none-eabi/lib/thumb/v7e-m\libc_nano.a(lib_a-nano-mallocr.o)
 .ARM.attributes
                0x00000ddd       0x2e c:/program files (x86)/atmel/studio/7.0/toolchain/arm/arm-gnu-toolchain/bin/../lib/gcc/arm-none-eabi/6.3.1/../../../../arm-none-eabi/lib/thumb/v7e-m\libc_nano.a(lib_a-nano-vfprintf.o)
 .ARM.attributes
                0x00000e0b       0x2e c:/program files (x86)/atmel/studio/7.0/toolchain/arm/arm-gnu-toolchain/bin/../lib/gcc/arm-none-eabi/6.3.1/../../../../arm-none-eabi/lib/thumb/v7e-m\libc_nano.a(lib_a-nano-vfprintf_i.o)
 .ARM.attributes
                0x00000e39       0x2e c:/program files (x86)/atmel/studio/7.0/toolchain/arm/arm-gnu-toolchain/bin/../lib/gcc/arm-none-eabi/6.3.1/../../../../arm-none-eabi/lib/thumb/v7e-m\libc_nano.a(lib_a-putc.o)
 .ARM.attributes
                0x00000e67       0x2e c:/program files (x86)/atmel/studio/7.0/toolchain/arm/arm-gnu-toolchain/bin/../lib/gcc/arm-none-eabi/6.3.1/../../../../arm-none-eabi/lib/thumb/v7e-m\libc_nano.a(lib_a-sbrkr.o)
 .ARM.attributes
                0x00000e95       0x2e c:/program files (x86)/atmel/studio/7.0/toolchain/arm/arm-gnu-toolchain/bin/../lib/gcc/arm-none-eabi/6.3.1/../../../../arm-none-eabi/lib/thumb/v7e-m\libc_nano.a(lib_a-stdio.o)
 .ARM.attributes
                0x00000ec3       0x2e c:/program files (x86)/atmel/studio/7.0/toolchain/arm/arm-gnu-toolchain/bin/../lib/gcc/arm-none-eabi/6.3.1/../../../../arm-none-eabi/lib/thumb/v7e-m\libc_nano.a(lib_a-writer.o)
 .ARM.attributes
                0x00000ef1       0x2e c:/program files (x86)/atmel/studio/7.0/toolchain/arm/arm-gnu-toolchain/bin/../lib/gcc/arm-none-eabi/6.3.1/../../../../arm-none-eabi/lib/thumb/v7e-m\libc_nano.a(lib_a-closer.o)
 .ARM.attributes
                0x00000f1f       0x2e c:/program files (x86)/atmel/studio/7.0/toolchain/arm/arm-gnu-toolchain/bin/../lib/gcc/arm-none-eabi/6.3.1/../../../../arm-none-eabi/lib/thumb/v7e-m\libc_nano.a(lib_a-fstatr.o)
 .ARM.attributes
                0x00000f4d       0x2e c:/program files (x86)/atmel/studio/7.0/toolchain/arm/arm-gnu-toolchain/bin/../lib/gcc/arm-none-eabi/6.3.1/../../../../arm-none-eabi/lib/thumb/v7e-m\libc_nano.a(lib_a-isattyr.o)
 .ARM.attributes
                0x00000f7b       0x2e c:/program files (x86)/atmel/studio/7.0/toolchain/arm/arm-gnu-toolchain/bin/../lib/gcc/arm-none-eabi/6.3.1/../../../../arm-none-eabi/lib/thumb/v7e-m\libc_nano.a(lib_a-lseekr.o)
 .ARM.attributes
                0x00000fa9       0x1c c:/program files (x86)/atmel/studio/7.0/toolchain/arm/arm-gnu-toolchain/bin/../lib/gcc/arm-none-eabi/6.3.1/../../../../arm-none-eabi/lib/thumb/v7e-m\libc_nano.a(lib_a-memchr.o)
 .ARM.attributes
                0x00000fc5       0x2e c:/program files (x86)/atmel/studio/7.0/toolchain/arm/arm-gnu-toolchain/bin/../lib/gcc/arm-none-eabi/6.3.1/../../../../arm-none-eabi/lib/thumb/v7e-m\libc_nano.a(lib_a-mlock.o)
 .ARM.attributes
                0x00000ff3       0x2e c:/program files (x86)/atmel/studio/7.0/toolchain/arm/arm-gnu-toolchain/bin/../lib/gcc/arm-none-eabi/6.3.1/../../../../arm-none-eabi/lib/thumb/v7e-m\libc_nano.a(lib_a-readr.o)
 .ARM.attributes
                0x00001021       0x2e c:/program files (x86)/atmel/studio/7.0/toolchain/arm/arm-gnu-toolchain/bin/../lib/gcc/arm-none-eabi/6.3.1/../../../../arm-none-eabi/lib/thumb/v7e-m\libc_nano.a(lib_a-reent.o)
 .ARM.attributes
                0x0000104f       0x1e c:/program files (x86)/atmel/studio/7.0/toolchain/arm/arm-gnu-toolchain/bin/../lib/gcc/arm-none-eabi/6.3.1/thumb/v7e-m/crtn.o

.comment        0x00000000       0x59
 .comment       0x00000000       0x59 atmel_start.o
                                 0x5a (size before relaxing)
 .comment       0x00000059       0x5a Device_Startup/startup_same53.o
 .comment       0x00000059       0x5a driver_init.o
 .comment       0x00000059       0x5a ethernet_phy/ethernet_phy.o
 .comment       0x00000059       0x5a ethernet_phy_main.o
 .comment       0x00000059       0x5a eth_ipstack_main.o
 .comment       0x00000059       0x5a hal/src/hal_io.o
 .comment       0x00000059       0x5a hal/src/hal_mac_async.o
 .comment       0x00000059       0x5a hal/src/hal_timer.o
 .comment       0x00000059       0x5a hal/src/hal_usart_sync.o
 .comment       0x00000059       0x5a hal/utils/src/utils_list.o
 .comment       0x00000059       0x5a hal/utils/src/utils_syscalls.o
 .comment       0x00000059       0x5a hpl/core/hpl_init.o
 .comment       0x00000059       0x5a hpl/gclk/hpl_gclk.o
 .comment       0x00000059       0x5a hpl/gmac/hpl_gmac.o
 .comment       0x00000059       0x5a hpl/mclk/hpl_mclk.o
 .comment       0x00000059       0x5a hpl/osc32kctrl/hpl_osc32kctrl.o
 .comment       0x00000059       0x5a hpl/oscctrl/hpl_oscctrl.o
 .comment       0x00000059       0x5a hpl/ramecc/hpl_ramecc.o
 .comment       0x00000059       0x5a hpl/rtc/hpl_rtc.o
 .comment       0x00000059       0x5a hpl/sercom/hpl_sercom.o
 .comment       0x00000059       0x5a lwip/lwip-1.4.0/port/ethif_mac.o
 .comment       0x00000059       0x5a lwip/lwip-1.4.0/src/core/def.o
 .comment       0x00000059       0x5a lwip/lwip-1.4.0/src/core/dhcp.o
 .comment       0x00000059       0x5a lwip/lwip-1.4.0/src/core/init.o
 .comment       0x00000059       0x5a lwip/lwip-1.4.0/src/core/ipv4/icmp.o
 .comment       0x00000059       0x5a lwip/lwip-1.4.0/src/core/ipv4/inet_chksum.o
 .comment       0x00000059       0x5a lwip/lwip-1.4.0/src/core/ipv4/ip.o
 .comment       0x00000059       0x5a lwip/lwip-1.4.0/src/core/ipv4/ip_addr.o
 .comment       0x00000059       0x5a lwip/lwip-1.4.0/src/core/ipv4/ip_frag.o
 .comment       0x00000059       0x5a lwip/lwip-1.4.0/src/core/mem.o
 .comment       0x00000059       0x5a lwip/lwip-1.4.0/src/core/memp.o
 .comment       0x00000059       0x5a lwip/lwip-1.4.0/src/core/netif.o
 .comment       0x00000059       0x5a lwip/lwip-1.4.0/src/core/pbuf.o
 .comment       0x00000059       0x5a lwip/lwip-1.4.0/src/core/raw.o
 .comment       0x00000059       0x5a lwip/lwip-1.4.0/src/core/tcp.o
 .comment       0x00000059       0x5a lwip/lwip-1.4.0/src/core/tcp_in.o
 .comment       0x00000059       0x5a lwip/lwip-1.4.0/src/core/tcp_out.o
 .comment       0x00000059       0x5a lwip/lwip-1.4.0/src/core/timers.o
 .comment       0x00000059       0x5a lwip/lwip-1.4.0/src/core/udp.o
 .comment       0x00000059       0x5a lwip/lwip-1.4.0/src/netif/etharp.o
 .comment       0x00000059       0x5a main.o
 .comment       0x00000059       0x5a stdio_redirect/gcc/read.o
 .comment       0x00000059       0x5a stdio_redirect/gcc/write.o
 .comment       0x00000059       0x5a stdio_redirect/stdio_io.o
 .comment       0x00000059       0x5a stdio_start.o

.debug_frame    0x00000000      0x8e8
 .debug_frame   0x00000000       0x2c c:/program files (x86)/atmel/studio/7.0/toolchain/arm/arm-gnu-toolchain/bin/../lib/gcc/arm-none-eabi/6.3.1/../../../../arm-none-eabi/lib/thumb/v7e-m\libc_nano.a(lib_a-init.o)
 .debug_frame   0x0000002c       0x28 c:/program files (x86)/atmel/studio/7.0/toolchain/arm/arm-gnu-toolchain/bin/../lib/gcc/arm-none-eabi/6.3.1/../../../../arm-none-eabi/lib/thumb/v7e-m\libc_nano.a(lib_a-memcmp.o)
 .debug_frame   0x00000054       0x28 c:/program files (x86)/atmel/studio/7.0/toolchain/arm/arm-gnu-toolchain/bin/../lib/gcc/arm-none-eabi/6.3.1/../../../../arm-none-eabi/lib/thumb/v7e-m\libc_nano.a(lib_a-memcpy-stub.o)
 .debug_frame   0x0000007c       0x20 c:/program files (x86)/atmel/studio/7.0/toolchain/arm/arm-gnu-toolchain/bin/../lib/gcc/arm-none-eabi/6.3.1/../../../../arm-none-eabi/lib/thumb/v7e-m\libc_nano.a(lib_a-memset.o)
 .debug_frame   0x0000009c       0x74 c:/program files (x86)/atmel/studio/7.0/toolchain/arm/arm-gnu-toolchain/bin/../lib/gcc/arm-none-eabi/6.3.1/../../../../arm-none-eabi/lib/thumb/v7e-m\libc_nano.a(lib_a-printf.o)
 .debug_frame   0x00000110       0x58 c:/program files (x86)/atmel/studio/7.0/toolchain/arm/arm-gnu-toolchain/bin/../lib/gcc/arm-none-eabi/6.3.1/../../../../arm-none-eabi/lib/thumb/v7e-m\libc_nano.a(lib_a-putchar.o)
 .debug_frame   0x00000168       0x3c c:/program files (x86)/atmel/studio/7.0/toolchain/arm/arm-gnu-toolchain/bin/../lib/gcc/arm-none-eabi/6.3.1/../../../../arm-none-eabi/lib/thumb/v7e-m\libc_nano.a(lib_a-puts.o)
 .debug_frame   0x000001a4       0x20 c:/program files (x86)/atmel/studio/7.0/toolchain/arm/arm-gnu-toolchain/bin/../lib/gcc/arm-none-eabi/6.3.1/../../../../arm-none-eabi/lib/thumb/v7e-m\libc_nano.a(lib_a-setbuf.o)
 .debug_frame   0x000001c4       0x38 c:/program files (x86)/atmel/studio/7.0/toolchain/arm/arm-gnu-toolchain/bin/../lib/gcc/arm-none-eabi/6.3.1/../../../../arm-none-eabi/lib/thumb/v7e-m\libc_nano.a(lib_a-setvbuf.o)
 .debug_frame   0x000001fc       0x20 c:/program files (x86)/atmel/studio/7.0/toolchain/arm/arm-gnu-toolchain/bin/../lib/gcc/arm-none-eabi/6.3.1/../../../../arm-none-eabi/lib/thumb/v7e-m\libc_nano.a(lib_a-strcpy.o)
 .debug_frame   0x0000021c       0x40 c:/program files (x86)/atmel/studio/7.0/toolchain/arm/arm-gnu-toolchain/bin/../lib/gcc/arm-none-eabi/6.3.1/../../../../arm-none-eabi/lib/thumb/v7e-m\libc_nano.a(lib_a-wbuf.o)